[0.000000] (-) TimerEvent: {}
[0.000644] (pennair_vision_msgs) JobQueued: {'identifier': 'pennair_vision_msgs', 'dependencies': OrderedDict()}
[0.000713] (pennair_vision) JobQueued: {'identifier': 'pennair_vision', 'dependencies': OrderedDict({'pennair_vision_msgs': '/workspace/ros2_ws/install/pennair_vision_msgs'})}
[0.000745] (pennair_vision_msgs) JobStarted: {'identifier': 'pennair_vision_msgs'}
[0.003387] (pennair_vision_msgs) JobProgress: {'identifier': 'pennair_vision_msgs', 'progress': 'cmake'}
[0.004304] (pennair_vision_msgs) Command: {'cmd': ['/usr/bin/cmake', '/workspace/ros2_ws/src/pennair_vision_msgs', '-DAMENT_CMAKE_SYMLINK_INSTALL=1', '-DCMAKE_INSTALL_PREFIX=/workspace/ros2_ws/install/pennair_vision_msgs'], 'cwd': '/workspace/ros2_ws/build/pennair_vision_msgs', 'env': OrderedDict({'HOSTNAME': 'b8e3ed4d3ce4', 'SHLVL': '1', 'LD_LIBRARY_PATH': '/opt/ros/jazzy/lib/aarch64-linux-gnu:/opt/ros/jazzy/lib', 'HOME': '/root', 'ROS_PYTHON_VERSION': '3', 'ROS_DISTRO': 'jazzy', '_': '/usr/bin/colcon', 'ROS_VERSION': '2', 'PATH': '/opt/ros/jazzy/bin:/usr/local/sbin:/usr/local/bin:/usr/sbin:/usr/bin:/sbin:/bin', 'LANG': 'C.UTF-8', 'AMENT_PREFIX_PATH': '/opt/ros/jazzy', 'OPENCV_VIDEOIO_PRIORITY_INTEL_MFX': '0', 'ROS_AUTOMATIC_DISCOVERY_RANGE': 'SUBNET', 'PWD': '/workspace/ros2_ws/build/pennair_vision_msgs', 'QT_QPA_PLATFORM': 'offscreen', 'LC_ALL': 'C.UTF-8', 'PYTHONPATH': '/opt/ros/jazzy/lib/python3.12/site-packages:/workspace/src:', 'COLCON': '1', 'CMAKE_PREFIX_PATH': '/opt/ros/jazzy'}), 'shell': False}
[0.069837] (pennair_vision_msgs) StdoutLine: {'line': b'-- The C compiler identification is GNU 13.3.0\n'}
[0.100068] (-) TimerEvent: {}
[0.106014] (pennair_vision_msgs) StdoutLine: {'line': b'-- The CXX compiler identification is GNU 13.3.0\n'}
[0.112639] (pennair_vision_msgs) StdoutLine: {'line': b'-- Detecting C compiler ABI info\n'}
[0.162562] (pennair_vision_msgs) StdoutLine: {'line': b'-- Detecting C compiler ABI info - done\n'}
[0.168722] (pennair_vision_msgs) StdoutLine: {'line': b'-- Check for working C compiler: /usr/bin/cc - skipped\n'}
[0.169237] (pennair_vision_msgs) StdoutLine: {'line': b'-- Detecting C compile features\n'}
[0.169504] (pennair_vision_msgs) StdoutLine: {'line': b'-- Detecting C compile features - done\n'}
[0.174059] (pennair_vision_msgs) StdoutLine: {'line': b'-- Detecting CXX compiler ABI info\n'}
[0.200266] (-) TimerEvent: {}
[0.225352] (pennair_vision_msgs) StdoutLine: {'line': b'-- Detecting CXX compiler ABI info - done\n'}
[0.232671] (pennair_vision_msgs) StdoutLine: {'line': b'-- Check for working CXX compiler: /usr/bin/c++ - skipped\n'}
[0.232893] (pennair_vision_msgs) StdoutLine: {'line': b'-- Detecting CXX compile features\n'}
[0.233156] (pennair_vision_msgs) StdoutLine: {'line': b'-- Detecting CXX compile features - done\n'}
[0.235654] (pennair_vision_msgs) StdoutLine: {'line': b'-- Found ament_cmake: 2.5.6 (/opt/ros/jazzy/share/ament_cmake/cmake)\n'}
[0.277480] (pennair_vision_msgs) StdoutLine: {'line': b'-- Found Python3: /usr/bin/python3 (found version "3.12.3") found components: Interpreter \n'}
[0.301038] (-) TimerEvent: {}
[0.306992] (pennair_vision_msgs) StdoutLine: {'line': b'-- Override CMake install command with custom implementation using symlinks instead of copying resources\n'}
[0.327378] (pennair_vision_msgs) StdoutLine: {'line': b'-- Found rosidl_default_generators: 1.6.1 (/opt/ros/jazzy/share/rosidl_default_generators/cmake)\n'}
[0.330384] (pennair_vision_msgs) StdoutLine: {'line': b'-- Using all available rosidl_typesupport_c: rosidl_typesupport_fastrtps_c;rosidl_typesupport_introspection_c\n'}
[0.353831] (pennair_vision_msgs) StdoutLine: {'line': b'-- Using all available rosidl_typesupport_cpp: rosidl_typesupport_fastrtps_cpp;rosidl_typesupport_introspection_cpp\n'}
[0.376007] (pennair_vision_msgs) StdoutLine: {'line': b'-- Found rosidl_adapter: 4.6.9 (/opt/ros/jazzy/share/rosidl_adapter/cmake)\n'}
[0.377395] (pennair_vision_msgs) StdoutLine: {'line': b'-- Found std_msgs: 5.3.8 (/opt/ros/jazzy/share/std_msgs/cmake)\n'}
[0.390594] (pennair_vision_msgs) StdoutLine: {'line': b'-- Found geometry_msgs: 5.3.8 (/opt/ros/jazzy/share/geometry_msgs/cmake)\n'}
[0.402172] (-) TimerEvent: {}
[0.504049] (-) TimerEvent: {}
[0.605144] (-) TimerEvent: {}
[0.646174] (pennair_vision_msgs) StdoutLine: {'line': b'-- Found ament_cmake_ros: 0.12.1 (/opt/ros/jazzy/share/ament_cmake_ros/cmake)\n'}
[0.706146] (-) TimerEvent: {}
[0.807041] (-) TimerEvent: {}
[0.863081] (pennair_vision_msgs) StdoutLine: {'line': b'-- Using all available rosidl_typesupport_c: rosidl_typesupport_fastrtps_c;rosidl_typesupport_introspection_c\n'}
[0.908044] (-) TimerEvent: {}
[1.009044] (-) TimerEvent: {}
[1.110330] (-) TimerEvent: {}
[1.179033] (pennair_vision_msgs) StdoutLine: {'line': b'-- Using all available rosidl_typesupport_cpp: rosidl_typesupport_fastrtps_cpp;rosidl_typesupport_introspection_cpp\n'}
[1.180400] (pennair_vision_msgs) StdoutLine: {'line': b'-- Found python_cmake_module: 0.11.1 (/opt/ros/jazzy/share/python_cmake_module/cmake)\n'}
[1.210521] (-) TimerEvent: {}
[1.220808] (pennair_vision_msgs) StdoutLine: {'line': b'-- Found PythonExtra: /usr/bin/python3  \n'}
[1.313597] (-) TimerEvent: {}
[1.379041] (pennair_vision_msgs) StdoutLine: {'line': b'-- Found Python3: /usr/bin/python3 (found version "3.12.3") found components: Interpreter Development NumPy Development.Module Development.Embed \n'}
[1.414031] (-) TimerEvent: {}
[1.455918] (pennair_vision_msgs) StdoutLine: {'line': b'-- Found Python3: /usr/bin/python3 (found version "3.12.3") found components: Interpreter \n'}
[1.492136] (pennair_vision_msgs) StdoutLine: {'line': b'-- Configuring done (1.5s)\n'}
[1.515039] (-) TimerEvent: {}
[1.593691] (pennair_vision_msgs) StdoutLine: {'line': b'-- Generating done (0.1s)\n'}
[1.616029] (-) TimerEvent: {}
[1.618516] (pennair_vision_msgs) StdoutLine: {'line': b'-- Build files have been written to: /workspace/ros2_ws/build/pennair_vision_msgs\n'}
[1.623079] (pennair_vision_msgs) CommandEnded: {'returncode': 0}
[1.623471] (pennair_vision_msgs) JobProgress: {'identifier': 'pennair_vision_msgs', 'progress': 'build'}
[1.623814] (pennair_vision_msgs) Command: {'cmd': ['/usr/bin/cmake', '--build', '/workspace/ros2_ws/build/pennair_vision_msgs', '--', '-j10', '-l10'], 'cwd': '/workspace/ros2_ws/build/pennair_vision_msgs', 'env': OrderedDict({'HOSTNAME': 'b8e3ed4d3ce4', 'SHLVL': '1', 'LD_LIBRARY_PATH': '/opt/ros/jazzy/lib/aarch64-linux-gnu:/opt/ros/jazzy/lib', 'HOME': '/root', 'ROS_PYTHON_VERSION': '3', 'ROS_DISTRO': 'jazzy', '_': '/usr/bin/colcon', 'ROS_VERSION': '2', 'PATH': '/opt/ros/jazzy/bin:/usr/local/sbin:/usr/local/bin:/usr/sbin:/usr/bin:/sbin:/bin', 'LANG': 'C.UTF-8', 'AMENT_PREFIX_PATH': '/opt/ros/jazzy', 'OPENCV_VIDEOIO_PRIORITY_INTEL_MFX': '0', 'ROS_AUTOMATIC_DISCOVERY_RANGE': 'SUBNET', 'PWD': '/workspace/ros2_ws/build/pennair_vision_msgs', 'QT_QPA_PLATFORM': 'offscreen', 'LC_ALL': 'C.UTF-8', 'PYTHONPATH': '/opt/ros/jazzy/lib/python3.12/site-packages:/workspace/src:', 'COLCON': '1', 'CMAKE_PREFIX_PATH': '/opt/ros/jazzy'}), 'shell': False}
[1.645950] (pennair_vision_msgs) StdoutLine: {'line': b'[  4%] Generating Rust code for ROS interfaces\n'}
[1.646247] (pennair_vision_msgs) StdoutLine: {'line': b'[  4%] Generating type hashes for ROS interfaces\n'}
[1.647127] (pennair_vision_msgs) StdoutLine: {'line': b'[  4%] Built target ament_cmake_python_symlink_pennair_vision_msgs\n'}
[1.707653] (pennair_vision_msgs) StdoutLine: {'line': b'running egg_info\n'}
[1.707960] (pennair_vision_msgs) StdoutLine: {'line': b'creating pennair_vision_msgs.egg-info\n'}
[1.711277] (pennair_vision_msgs) StdoutLine: {'line': b'writing pennair_vision_msgs.egg-info/PKG-INFO\n'}
[1.714065] (pennair_vision_msgs) StdoutLine: {'line': b'writing dependency_links to pennair_vision_msgs.egg-info/dependency_links.txt\n'}
[1.714419] (pennair_vision_msgs) StdoutLine: {'line': b'writing top-level names to pennair_vision_msgs.egg-info/top_level.txt\n'}
[1.714670] (pennair_vision_msgs) StdoutLine: {'line': b"writing manifest file 'pennair_vision_msgs.egg-info/SOURCES.txt'\n"}
[1.717006] (-) TimerEvent: {}
[1.726943] (pennair_vision_msgs) StdoutLine: {'line': b"reading manifest file 'pennair_vision_msgs.egg-info/SOURCES.txt'\n"}
[1.727647] (pennair_vision_msgs) StdoutLine: {'line': b"writing manifest file 'pennair_vision_msgs.egg-info/SOURCES.txt'\n"}
[1.742333] (pennair_vision_msgs) StdoutLine: {'line': b'[  4%] Built target ament_cmake_python_build_pennair_vision_msgs_egg\n'}
[1.773833] (pennair_vision_msgs) StdoutLine: {'line': b'[  4%] Built target pennair_vision_msgs__rosidl_generator_type_description\n'}
[1.775288] (pennair_vision_msgs) StdoutLine: {'line': b'[  4%] Built target pennair_vision_msgs__rs\n'}
[1.779222] (pennair_vision_msgs) StdoutLine: {'line': b'[  6%] Generating C code for ROS interfaces\n'}
[1.782974] (pennair_vision_msgs) StdoutLine: {'line': b'[  8%] Generating C++ code for ROS interfaces\n'}
[1.818024] (-) TimerEvent: {}
[1.920020] (-) TimerEvent: {}
[1.967629] (pennair_vision_msgs) StdoutLine: {'line': b'[  8%] Built target pennair_vision_msgs__cpp\n'}
[1.983182] (pennair_vision_msgs) StdoutLine: {'line': b'[ 17%] Building C object CMakeFiles/pennair_vision_msgs__rosidl_generator_c.dir/rosidl_generator_c/pennair_vision_msgs/msg/detail/shape__functions.c.o\n'}
[1.984066] (pennair_vision_msgs) StdoutLine: {'line': b'[ 17%] Building C object CMakeFiles/pennair_vision_msgs__rosidl_generator_c.dir/rosidl_generator_c/pennair_vision_msgs/msg/detail/shape__description.c.o\n'}
[1.984692] (pennair_vision_msgs) StdoutLine: {'line': b'[ 17%] Building C object CMakeFiles/pennair_vision_msgs__rosidl_generator_c.dir/rosidl_generator_c/pennair_vision_msgs/msg/detail/shape__type_support.c.o\n'}
[1.985166] (pennair_vision_msgs) StdoutLine: {'line': b'[ 17%] Building C object CMakeFiles/pennair_vision_msgs__rosidl_generator_c.dir/rosidl_generator_c/pennair_vision_msgs/msg/detail/shape_array__functions.c.o\n'}
[1.985799] (pennair_vision_msgs) StdoutLine: {'line': b'[ 22%] Building C object CMakeFiles/pennair_vision_msgs__rosidl_generator_c.dir/rosidl_generator_c/pennair_vision_msgs/msg/detail/shape_array__type_support.c.o\n'}
[1.989760] (pennair_vision_msgs) StdoutLine: {'line': b'[ 22%] Building C object CMakeFiles/pennair_vision_msgs__rosidl_generator_c.dir/rosidl_generator_c/pennair_vision_msgs/msg/detail/shape_array__description.c.o\n'}
[2.021032] (-) TimerEvent: {}
[2.029914] (pennair_vision_msgs) StdoutLine: {'line': b'[ 24%] Linking C shared library libpennair_vision_msgs__rosidl_generator_c.so\n'}
[2.048129] (pennair_vision_msgs) StdoutLine: {'line': b'[ 24%] Built target pennair_vision_msgs__rosidl_generator_c\n'}
[2.055647] (pennair_vision_msgs) StdoutLine: {'line': b'[ 31%] Generating C++ type support for eProsima Fast-RTPS\n'}
[2.056466] (pennair_vision_msgs) StdoutLine: {'line': b'[ 31%] Generating C++ introspection for ROS interfaces\n'}
[2.057293] (pennair_vision_msgs) StdoutLine: {'line': b'[ 31%] Generating C type support dispatch for ROS interfaces\n'}
[2.057758] (pennair_vision_msgs) StdoutLine: {'line': b'[ 37%] Generating C introspection for ROS interfaces\n'}
[2.058374] (pennair_vision_msgs) StdoutLine: {'line': b'[ 37%] Generating C++ type support dispatch for ROS interfaces\n'}
[2.058914] (pennair_vision_msgs) StdoutLine: {'line': b'[ 37%] Generating C type support for eProsima Fast-RTPS\n'}
[2.126022] (-) TimerEvent: {}
[2.227052] (-) TimerEvent: {}
[2.232080] (pennair_vision_msgs) StdoutLine: {'line': b'[ 42%] Building CXX object CMakeFiles/pennair_vision_msgs__rosidl_typesupport_c.dir/rosidl_typesupport_c/pennair_vision_msgs/msg/shape_array__type_support.cpp.o\n'}
[2.234393] (pennair_vision_msgs) StdoutLine: {'line': b'[ 42%] Building CXX object CMakeFiles/pennair_vision_msgs__rosidl_typesupport_c.dir/rosidl_typesupport_c/pennair_vision_msgs/msg/shape__type_support.cpp.o\n'}
[2.245633] (pennair_vision_msgs) StdoutLine: {'line': b'[ 46%] Building CXX object CMakeFiles/pennair_vision_msgs__rosidl_typesupport_cpp.dir/rosidl_typesupport_cpp/pennair_vision_msgs/msg/shape__type_support.cpp.o\n'}
[2.246288] (pennair_vision_msgs) StdoutLine: {'line': b'[ 46%] Building CXX object CMakeFiles/pennair_vision_msgs__rosidl_typesupport_cpp.dir/rosidl_typesupport_cpp/pennair_vision_msgs/msg/shape_array__type_support.cpp.o\n'}
[2.257676] (pennair_vision_msgs) StdoutLine: {'line': b'[ 51%] Building CXX object CMakeFiles/pennair_vision_msgs__rosidl_typesupport_introspection_cpp.dir/rosidl_typesupport_introspection_cpp/pennair_vision_msgs/msg/detail/shape__type_support.cpp.o\n'}
[2.258532] (pennair_vision_msgs) StdoutLine: {'line': b'[ 51%] Building CXX object CMakeFiles/pennair_vision_msgs__rosidl_typesupport_introspection_cpp.dir/rosidl_typesupport_introspection_cpp/pennair_vision_msgs/msg/detail/shape_array__type_support.cpp.o\n'}
[2.261954] (pennair_vision_msgs) StdoutLine: {'line': b'[ 53%] Building C object CMakeFiles/pennair_vision_msgs__rosidl_typesupport_introspection_c.dir/rosidl_typesupport_introspection_c/pennair_vision_msgs/msg/detail/shape__type_support.c.o\n'}
[2.263091] (pennair_vision_msgs) StdoutLine: {'line': b'[ 55%] Building C object CMakeFiles/pennair_vision_msgs__rosidl_typesupport_introspection_c.dir/rosidl_typesupport_introspection_c/pennair_vision_msgs/msg/detail/shape_array__type_support.c.o\n'}
[2.284146] (pennair_vision_msgs) StdoutLine: {'line': b'[ 57%] Linking CXX shared library libpennair_vision_msgs__rosidl_typesupport_c.so\n'}
[2.290806] (pennair_vision_msgs) StdoutLine: {'line': b'[ 62%] Building CXX object CMakeFiles/pennair_vision_msgs__rosidl_typesupport_fastrtps_cpp.dir/rosidl_typesupport_fastrtps_cpp/pennair_vision_msgs/msg/detail/dds_fastrtps/shape__type_support.cpp.o\n'}
[2.291880] (pennair_vision_msgs) StdoutLine: {'line': b'[ 62%] Building CXX object CMakeFiles/pennair_vision_msgs__rosidl_typesupport_fastrtps_cpp.dir/rosidl_typesupport_fastrtps_cpp/pennair_vision_msgs/msg/detail/dds_fastrtps/shape_array__type_support.cpp.o\n'}
[2.293264] (pennair_vision_msgs) StdoutLine: {'line': b'[ 64%] Building CXX object CMakeFiles/pennair_vision_msgs__rosidl_typesupport_fastrtps_c.dir/rosidl_typesupport_fastrtps_c/pennair_vision_msgs/msg/detail/shape__type_support_c.cpp.o\n'}
[2.318272] (pennair_vision_msgs) StdoutLine: {'line': b'[ 64%] Built target pennair_vision_msgs__rosidl_typesupport_c\n'}
[2.326490] (pennair_vision_msgs) StdoutLine: {'line': b'[ 66%] Building CXX object CMakeFiles/pennair_vision_msgs__rosidl_typesupport_fastrtps_c.dir/rosidl_typesupport_fastrtps_c/pennair_vision_msgs/msg/detail/shape_array__type_support_c.cpp.o\n'}
[2.327200] (-) TimerEvent: {}
[2.350768] (pennair_vision_msgs) StdoutLine: {'line': b'[ 68%] Linking C shared library libpennair_vision_msgs__rosidl_typesupport_introspection_c.so\n'}
[2.378727] (pennair_vision_msgs) StdoutLine: {'line': b'[ 68%] Built target pennair_vision_msgs__rosidl_typesupport_introspection_c\n'}
[2.428412] (-) TimerEvent: {}
[2.529042] (-) TimerEvent: {}
[2.575813] (pennair_vision_msgs) StdoutLine: {'line': b'[ 71%] Linking CXX shared library libpennair_vision_msgs__rosidl_typesupport_cpp.so\n'}
[2.615909] (pennair_vision_msgs) StdoutLine: {'line': b'[ 71%] Built target pennair_vision_msgs__rosidl_typesupport_cpp\n'}
[2.630289] (-) TimerEvent: {}
[2.644932] (pennair_vision_msgs) StdoutLine: {'line': b'[ 73%] Linking CXX shared library libpennair_vision_msgs__rosidl_typesupport_introspection_cpp.so\n'}
[2.668265] (pennair_vision_msgs) StdoutLine: {'line': b'[ 75%] Linking CXX shared library libpennair_vision_msgs__rosidl_typesupport_fastrtps_c.so\n'}
[2.685430] (pennair_vision_msgs) StdoutLine: {'line': b'[ 75%] Built target pennair_vision_msgs__rosidl_typesupport_introspection_cpp\n'}
[2.687761] (pennair_vision_msgs) StdoutLine: {'line': b'[ 77%] Linking CXX shared library libpennair_vision_msgs__rosidl_typesupport_fastrtps_cpp.so\n'}
[2.699592] (pennair_vision_msgs) StdoutLine: {'line': b'[ 77%] Built target pennair_vision_msgs__rosidl_typesupport_fastrtps_c\n'}
[2.718441] (pennair_vision_msgs) StdoutLine: {'line': b'[ 77%] Built target pennair_vision_msgs__rosidl_typesupport_fastrtps_cpp\n'}
[2.725940] (pennair_vision_msgs) StdoutLine: {'line': b'[ 77%] Built target pennair_vision_msgs\n'}
[2.731023] (-) TimerEvent: {}
[2.733536] (pennair_vision_msgs) StdoutLine: {'line': b'[ 80%] Generating Python code for ROS interfaces\n'}
[2.832056] (-) TimerEvent: {}
[2.933086] (-) TimerEvent: {}
[2.938425] (pennair_vision_msgs) StdoutLine: {'line': b'[ 80%] Built target pennair_vision_msgs__py\n'}
[2.947167] (pennair_vision_msgs) StdoutLine: {'line': b'[ 84%] Building C object CMakeFiles/pennair_vision_msgs__rosidl_generator_py.dir/rosidl_generator_py/pennair_vision_msgs/msg/_shape_s.c.o\n'}
[2.947355] (pennair_vision_msgs) StdoutLine: {'line': b'[ 84%] Building C object CMakeFiles/pennair_vision_msgs__rosidl_generator_py.dir/rosidl_generator_py/pennair_vision_msgs/msg/_shape_array_s.c.o\n'}
[3.013445] (pennair_vision_msgs) StdoutLine: {'line': b'[ 86%] Linking C shared library libpennair_vision_msgs__rosidl_generator_py.so\n'}
[3.032642] (pennair_vision_msgs) StdoutLine: {'line': b'[ 86%] Built target pennair_vision_msgs__rosidl_generator_py\n'}
[3.034021] (-) TimerEvent: {}
[3.043166] (pennair_vision_msgs) StdoutLine: {'line': b'[ 93%] Building C object CMakeFiles/pennair_vision_msgs_s__rosidl_typesupport_c.dir/rosidl_generator_py/pennair_vision_msgs/_pennair_vision_msgs_s.ep.rosidl_typesupport_c.c.o\n'}
[3.043841] (pennair_vision_msgs) StdoutLine: {'line': b'[ 93%] Building C object CMakeFiles/pennair_vision_msgs_s__rosidl_typesupport_fastrtps_c.dir/rosidl_generator_py/pennair_vision_msgs/_pennair_vision_msgs_s.ep.rosidl_typesupport_fastrtps_c.c.o\n'}
[3.044050] (pennair_vision_msgs) StdoutLine: {'line': b'[ 93%] Building C object CMakeFiles/pennair_vision_msgs_s__rosidl_typesupport_introspection_c.dir/rosidl_generator_py/pennair_vision_msgs/_pennair_vision_msgs_s.ep.rosidl_typesupport_introspection_c.c.o\n'}
[3.096485] (pennair_vision_msgs) StdoutLine: {'line': b'[ 95%] Linking C shared module rosidl_generator_py/pennair_vision_msgs/pennair_vision_msgs_s__rosidl_typesupport_c.so\n'}
[3.102494] (pennair_vision_msgs) StdoutLine: {'line': b'[100%] Linking C shared module rosidl_generator_py/pennair_vision_msgs/pennair_vision_msgs_s__rosidl_typesupport_introspection_c.so\n'}
[3.102721] (pennair_vision_msgs) StdoutLine: {'line': b'[100%] Linking C shared module rosidl_generator_py/pennair_vision_msgs/pennair_vision_msgs_s__rosidl_typesupport_fastrtps_c.so\n'}
[3.112932] (pennair_vision_msgs) StdoutLine: {'line': b'[100%] Built target pennair_vision_msgs_s__rosidl_typesupport_c\n'}
[3.120534] (pennair_vision_msgs) StdoutLine: {'line': b'[100%] Built target pennair_vision_msgs_s__rosidl_typesupport_fastrtps_c\n'}
[3.120693] (pennair_vision_msgs) StdoutLine: {'line': b'[100%] Built target pennair_vision_msgs_s__rosidl_typesupport_introspection_c\n'}
[3.129974] (pennair_vision_msgs) CommandEnded: {'returncode': 0}
[3.130979] (pennair_vision_msgs) JobProgress: {'identifier': 'pennair_vision_msgs', 'progress': 'install'}
[3.133834] (pennair_vision_msgs) Command: {'cmd': ['/usr/bin/cmake', '--install', '/workspace/ros2_ws/build/pennair_vision_msgs'], 'cwd': '/workspace/ros2_ws/build/pennair_vision_msgs', 'env': OrderedDict({'HOSTNAME': 'b8e3ed4d3ce4', 'SHLVL': '1', 'LD_LIBRARY_PATH': '/opt/ros/jazzy/lib/aarch64-linux-gnu:/opt/ros/jazzy/lib', 'HOME': '/root', 'ROS_PYTHON_VERSION': '3', 'ROS_DISTRO': 'jazzy', '_': '/usr/bin/colcon', 'ROS_VERSION': '2', 'PATH': '/opt/ros/jazzy/bin:/usr/local/sbin:/usr/local/bin:/usr/sbin:/usr/bin:/sbin:/bin', 'LANG': 'C.UTF-8', 'AMENT_PREFIX_PATH': '/opt/ros/jazzy', 'OPENCV_VIDEOIO_PRIORITY_INTEL_MFX': '0', 'ROS_AUTOMATIC_DISCOVERY_RANGE': 'SUBNET', 'PWD': '/workspace/ros2_ws/build/pennair_vision_msgs', 'QT_QPA_PLATFORM': 'offscreen', 'LC_ALL': 'C.UTF-8', 'PYTHONPATH': '/opt/ros/jazzy/lib/python3.12/site-packages:/workspace/src:', 'COLCON': '1', 'CMAKE_PREFIX_PATH': '/opt/ros/jazzy'}), 'shell': False}
[3.134196] (-) TimerEvent: {}
[3.136614] (pennair_vision_msgs) StdoutLine: {'line': b'-- Install configuration: ""\n'}
[3.137138] (pennair_vision_msgs) StdoutLine: {'line': b'-- Execute custom install script\n'}
[3.137915] (pennair_vision_msgs) StdoutLine: {'line': b'-- Symlinking: /workspace/ros2_ws/install/pennair_vision_msgs/share/ament_index/resource_index/rosidl_interfaces/pennair_vision_msgs\n'}
[3.141019] (pennair_vision_msgs) StdoutLine: {'line': b'-- Symlinking: /workspace/ros2_ws/install/pennair_vision_msgs/share/pennair_vision_msgs/msg/Shape.json\n'}
[3.143767] (pennair_vision_msgs) StdoutLine: {'line': b'-- Symlinking: /workspace/ros2_ws/install/pennair_vision_msgs/share/pennair_vision_msgs/msg/ShapeArray.json\n'}
[3.147682] (pennair_vision_msgs) StdoutLine: {'line': b'-- Symlinking: /workspace/ros2_ws/install/pennair_vision_msgs/include/pennair_vision_msgs/pennair_vision_msgs/msg/detail/shape__functions.h\n'}
[3.150644] (pennair_vision_msgs) StdoutLine: {'line': b'-- Symlinking: /workspace/ros2_ws/install/pennair_vision_msgs/include/pennair_vision_msgs/pennair_vision_msgs/msg/detail/shape__struct.h\n'}
[3.153294] (pennair_vision_msgs) StdoutLine: {'line': b'-- Symlinking: /workspace/ros2_ws/install/pennair_vision_msgs/include/pennair_vision_msgs/pennair_vision_msgs/msg/detail/shape__type_support.h\n'}
[3.156002] (pennair_vision_msgs) StdoutLine: {'line': b'-- Symlinking: /workspace/ros2_ws/install/pennair_vision_msgs/include/pennair_vision_msgs/pennair_vision_msgs/msg/detail/shape_array__functions.h\n'}
[3.158706] (pennair_vision_msgs) StdoutLine: {'line': b'-- Symlinking: /workspace/ros2_ws/install/pennair_vision_msgs/include/pennair_vision_msgs/pennair_vision_msgs/msg/detail/shape_array__struct.h\n'}
[3.161532] (pennair_vision_msgs) StdoutLine: {'line': b'-- Symlinking: /workspace/ros2_ws/install/pennair_vision_msgs/include/pennair_vision_msgs/pennair_vision_msgs/msg/detail/shape_array__type_support.h\n'}
[3.164218] (pennair_vision_msgs) StdoutLine: {'line': b'-- Symlinking: /workspace/ros2_ws/install/pennair_vision_msgs/include/pennair_vision_msgs/pennair_vision_msgs/msg/rosidl_generator_c__visibility_control.h\n'}
[3.166920] (pennair_vision_msgs) StdoutLine: {'line': b'-- Symlinking: /workspace/ros2_ws/install/pennair_vision_msgs/include/pennair_vision_msgs/pennair_vision_msgs/msg/shape.h\n'}
[3.169615] (pennair_vision_msgs) StdoutLine: {'line': b'-- Symlinking: /workspace/ros2_ws/install/pennair_vision_msgs/include/pennair_vision_msgs/pennair_vision_msgs/msg/shape_array.h\n'}
[3.172765] (pennair_vision_msgs) StdoutLine: {'line': b'-- Symlinking: /workspace/ros2_ws/install/pennair_vision_msgs/share/pennair_vision_msgs/environment/library_path.sh\n'}
[3.175364] (pennair_vision_msgs) StdoutLine: {'line': b'-- Symlinking: /workspace/ros2_ws/install/pennair_vision_msgs/share/pennair_vision_msgs/environment/library_path.dsv\n'}
[3.178712] (pennair_vision_msgs) StdoutLine: {'line': b'-- Symlinking: /workspace/ros2_ws/install/pennair_vision_msgs/include/pennair_vision_msgs/pennair_vision_msgs/msg/detail/shape__rosidl_typesupport_fastrtps_c.h\n'}
[3.181337] (pennair_vision_msgs) StdoutLine: {'line': b'-- Symlinking: /workspace/ros2_ws/install/pennair_vision_msgs/include/pennair_vision_msgs/pennair_vision_msgs/msg/detail/shape_array__rosidl_typesupport_fastrtps_c.h\n'}
[3.184187] (pennair_vision_msgs) StdoutLine: {'line': b'-- Symlinking: /workspace/ros2_ws/install/pennair_vision_msgs/include/pennair_vision_msgs/pennair_vision_msgs/msg/rosidl_typesupport_fastrtps_c__visibility_control.h\n'}
[3.187414] (pennair_vision_msgs) StdoutLine: {'line': b'-- Symlinking: /workspace/ros2_ws/install/pennair_vision_msgs/include/pennair_vision_msgs/pennair_vision_msgs/msg/detail/shape__rosidl_typesupport_introspection_c.h\n'}
[3.190101] (pennair_vision_msgs) StdoutLine: {'line': b'-- Symlinking: /workspace/ros2_ws/install/pennair_vision_msgs/include/pennair_vision_msgs/pennair_vision_msgs/msg/detail/shape_array__rosidl_typesupport_introspection_c.h\n'}
[3.192769] (pennair_vision_msgs) StdoutLine: {'line': b'-- Symlinking: /workspace/ros2_ws/install/pennair_vision_msgs/include/pennair_vision_msgs/pennair_vision_msgs/msg/rosidl_typesupport_introspection_c__visibility_control.h\n'}
[3.196449] (pennair_vision_msgs) StdoutLine: {'line': b'-- Symlinking: /workspace/ros2_ws/install/pennair_vision_msgs/include/pennair_vision_msgs/pennair_vision_msgs/msg/detail/shape__builder.hpp\n'}
[3.199201] (pennair_vision_msgs) StdoutLine: {'line': b'-- Symlinking: /workspace/ros2_ws/install/pennair_vision_msgs/include/pennair_vision_msgs/pennair_vision_msgs/msg/detail/shape__struct.hpp\n'}
[3.201781] (pennair_vision_msgs) StdoutLine: {'line': b'-- Symlinking: /workspace/ros2_ws/install/pennair_vision_msgs/include/pennair_vision_msgs/pennair_vision_msgs/msg/detail/shape__traits.hpp\n'}
[3.204448] (pennair_vision_msgs) StdoutLine: {'line': b'-- Symlinking: /workspace/ros2_ws/install/pennair_vision_msgs/include/pennair_vision_msgs/pennair_vision_msgs/msg/detail/shape__type_support.hpp\n'}
[3.207341] (pennair_vision_msgs) StdoutLine: {'line': b'-- Symlinking: /workspace/ros2_ws/install/pennair_vision_msgs/include/pennair_vision_msgs/pennair_vision_msgs/msg/detail/shape_array__builder.hpp\n'}
[3.210023] (pennair_vision_msgs) StdoutLine: {'line': b'-- Symlinking: /workspace/ros2_ws/install/pennair_vision_msgs/include/pennair_vision_msgs/pennair_vision_msgs/msg/detail/shape_array__struct.hpp\n'}
[3.212742] (pennair_vision_msgs) StdoutLine: {'line': b'-- Symlinking: /workspace/ros2_ws/install/pennair_vision_msgs/include/pennair_vision_msgs/pennair_vision_msgs/msg/detail/shape_array__traits.hpp\n'}
[3.215337] (pennair_vision_msgs) StdoutLine: {'line': b'-- Symlinking: /workspace/ros2_ws/install/pennair_vision_msgs/include/pennair_vision_msgs/pennair_vision_msgs/msg/detail/shape_array__type_support.hpp\n'}
[3.218024] (pennair_vision_msgs) StdoutLine: {'line': b'-- Symlinking: /workspace/ros2_ws/install/pennair_vision_msgs/include/pennair_vision_msgs/pennair_vision_msgs/msg/rosidl_generator_cpp__visibility_control.hpp\n'}
[3.220959] (pennair_vision_msgs) StdoutLine: {'line': b'-- Symlinking: /workspace/ros2_ws/install/pennair_vision_msgs/include/pennair_vision_msgs/pennair_vision_msgs/msg/shape.hpp\n'}
[3.223516] (pennair_vision_msgs) StdoutLine: {'line': b'-- Symlinking: /workspace/ros2_ws/install/pennair_vision_msgs/include/pennair_vision_msgs/pennair_vision_msgs/msg/shape_array.hpp\n'}
[3.227031] (pennair_vision_msgs) StdoutLine: {'line': b'-- Symlinking: /workspace/ros2_ws/install/pennair_vision_msgs/include/pennair_vision_msgs/pennair_vision_msgs/msg/detail/shape__rosidl_typesupport_fastrtps_cpp.hpp\n'}
[3.230075] (pennair_vision_msgs) StdoutLine: {'line': b'-- Symlinking: /workspace/ros2_ws/install/pennair_vision_msgs/include/pennair_vision_msgs/pennair_vision_msgs/msg/detail/shape_array__rosidl_typesupport_fastrtps_cpp.hpp\n'}
[3.232714] (pennair_vision_msgs) StdoutLine: {'line': b'-- Symlinking: /workspace/ros2_ws/install/pennair_vision_msgs/include/pennair_vision_msgs/pennair_vision_msgs/msg/rosidl_typesupport_fastrtps_cpp__visibility_control.h\n'}
[3.235072] (-) TimerEvent: {}
[3.235793] (pennair_vision_msgs) StdoutLine: {'line': b'-- Symlinking: /workspace/ros2_ws/install/pennair_vision_msgs/include/pennair_vision_msgs/pennair_vision_msgs/msg/detail/shape__rosidl_typesupport_introspection_cpp.hpp\n'}
[3.238523] (pennair_vision_msgs) StdoutLine: {'line': b'-- Symlinking: /workspace/ros2_ws/install/pennair_vision_msgs/include/pennair_vision_msgs/pennair_vision_msgs/msg/detail/shape_array__rosidl_typesupport_introspection_cpp.hpp\n'}
[3.241579] (pennair_vision_msgs) StdoutLine: {'line': b'-- Symlinking: /workspace/ros2_ws/install/pennair_vision_msgs/share/pennair_vision_msgs/environment/pythonpath.sh\n'}
[3.244349] (pennair_vision_msgs) StdoutLine: {'line': b'-- Symlinking: /workspace/ros2_ws/install/pennair_vision_msgs/share/pennair_vision_msgs/environment/pythonpath.dsv\n'}
[3.247488] (pennair_vision_msgs) StdoutLine: {'line': b'-- Symlinking: /workspace/ros2_ws/install/pennair_vision_msgs/lib/python3.12/site-packages/pennair_vision_msgs-1.0.0-py3.12.egg-info/PKG-INFO\n'}
[3.250096] (pennair_vision_msgs) StdoutLine: {'line': b'-- Symlinking: /workspace/ros2_ws/install/pennair_vision_msgs/lib/python3.12/site-packages/pennair_vision_msgs-1.0.0-py3.12.egg-info/SOURCES.txt\n'}
[3.252887] (pennair_vision_msgs) StdoutLine: {'line': b'-- Symlinking: /workspace/ros2_ws/install/pennair_vision_msgs/lib/python3.12/site-packages/pennair_vision_msgs-1.0.0-py3.12.egg-info/dependency_links.txt\n'}
[3.255500] (pennair_vision_msgs) StdoutLine: {'line': b'-- Symlinking: /workspace/ros2_ws/install/pennair_vision_msgs/lib/python3.12/site-packages/pennair_vision_msgs-1.0.0-py3.12.egg-info/top_level.txt\n'}
[3.259311] (pennair_vision_msgs) StdoutLine: {'line': b'-- Symlinking: /workspace/ros2_ws/install/pennair_vision_msgs/lib/python3.12/site-packages/pennair_vision_msgs/__init__.py\n'}
[3.261833] (pennair_vision_msgs) StdoutLine: {'line': b'-- Symlinking: /workspace/ros2_ws/install/pennair_vision_msgs/lib/python3.12/site-packages/pennair_vision_msgs/_pennair_vision_msgs_s.ep.rosidl_typesupport_c.c\n'}
[3.264600] (pennair_vision_msgs) StdoutLine: {'line': b'-- Symlinking: /workspace/ros2_ws/install/pennair_vision_msgs/lib/python3.12/site-packages/pennair_vision_msgs/_pennair_vision_msgs_s.ep.rosidl_typesupport_fastrtps_c.c\n'}
[3.267314] (pennair_vision_msgs) StdoutLine: {'line': b'-- Symlinking: /workspace/ros2_ws/install/pennair_vision_msgs/lib/python3.12/site-packages/pennair_vision_msgs/_pennair_vision_msgs_s.ep.rosidl_typesupport_introspection_c.c\n'}
[3.270152] (pennair_vision_msgs) StdoutLine: {'line': b'-- Symlinking: /workspace/ros2_ws/install/pennair_vision_msgs/lib/python3.12/site-packages/pennair_vision_msgs/msg/__init__.py\n'}
[3.272865] (pennair_vision_msgs) StdoutLine: {'line': b'-- Symlinking: /workspace/ros2_ws/install/pennair_vision_msgs/lib/python3.12/site-packages/pennair_vision_msgs/msg/_shape.py\n'}
[3.275550] (pennair_vision_msgs) StdoutLine: {'line': b'-- Symlinking: /workspace/ros2_ws/install/pennair_vision_msgs/lib/python3.12/site-packages/pennair_vision_msgs/msg/_shape_array.py\n'}
[3.278469] (pennair_vision_msgs) StdoutLine: {'line': b'-- Symlinking: /workspace/ros2_ws/install/pennair_vision_msgs/lib/python3.12/site-packages/pennair_vision_msgs/msg/_shape_array_s.c\n'}
[3.281074] (pennair_vision_msgs) StdoutLine: {'line': b'-- Symlinking: /workspace/ros2_ws/install/pennair_vision_msgs/lib/python3.12/site-packages/pennair_vision_msgs/msg/_shape_s.c\n'}
[3.283641] (pennair_vision_msgs) StdoutLine: {'line': b'-- Symlinking: /workspace/ros2_ws/install/pennair_vision_msgs/lib/python3.12/site-packages/pennair_vision_msgs/pennair_vision_msgs_s__rosidl_typesupport_c.so\n'}
[3.286596] (pennair_vision_msgs) StdoutLine: {'line': b'-- Symlinking: /workspace/ros2_ws/install/pennair_vision_msgs/lib/python3.12/site-packages/pennair_vision_msgs/pennair_vision_msgs_s__rosidl_typesupport_fastrtps_c.so\n'}
[3.289116] (pennair_vision_msgs) StdoutLine: {'line': b'-- Symlinking: /workspace/ros2_ws/install/pennair_vision_msgs/lib/python3.12/site-packages/pennair_vision_msgs/pennair_vision_msgs_s__rosidl_typesupport_introspection_c.so\n'}
[3.292048] (pennair_vision_msgs) StdoutLine: {'line': b'-- Up-to-date symlink: /workspace/ros2_ws/install/pennair_vision_msgs/lib/python3.12/site-packages/pennair_vision_msgs/pennair_vision_msgs_s__rosidl_typesupport_fastrtps_c.so\n'}
[3.292495] (pennair_vision_msgs) StdoutLine: {'line': b'-- Up-to-date symlink: /workspace/ros2_ws/install/pennair_vision_msgs/lib/python3.12/site-packages/pennair_vision_msgs/pennair_vision_msgs_s__rosidl_typesupport_introspection_c.so\n'}
[3.292835] (pennair_vision_msgs) StdoutLine: {'line': b'-- Up-to-date symlink: /workspace/ros2_ws/install/pennair_vision_msgs/lib/python3.12/site-packages/pennair_vision_msgs/pennair_vision_msgs_s__rosidl_typesupport_c.so\n'}
[3.293799] (pennair_vision_msgs) StdoutLine: {'line': b'-- Symlinking: /workspace/ros2_ws/install/pennair_vision_msgs/share/pennair_vision_msgs/rust/Cargo.toml\n'}
[3.296563] (pennair_vision_msgs) StdoutLine: {'line': b'-- Symlinking: /workspace/ros2_ws/install/pennair_vision_msgs/share/pennair_vision_msgs/rust/build.rs\n'}
[3.299506] (pennair_vision_msgs) StdoutLine: {'line': b'-- Symlinking: /workspace/ros2_ws/install/pennair_vision_msgs/share/pennair_vision_msgs/rust/src/lib.rs\n'}
[3.302084] (pennair_vision_msgs) StdoutLine: {'line': b'-- Symlinking: /workspace/ros2_ws/install/pennair_vision_msgs/share/pennair_vision_msgs/rust/src/msg.rs\n'}
[3.304842] (pennair_vision_msgs) StdoutLine: {'line': b'-- Symlinking: /workspace/ros2_ws/install/pennair_vision_msgs/share/pennair_vision_msgs/rust/src/msg/rmw.rs\n'}
[3.307398] (pennair_vision_msgs) StdoutLine: {'line': b'-- Symlinking: /workspace/ros2_ws/install/pennair_vision_msgs/share/pennair_vision_msgs/msg/Shape.idl\n'}
[3.309925] (pennair_vision_msgs) StdoutLine: {'line': b'-- Symlinking: /workspace/ros2_ws/install/pennair_vision_msgs/share/pennair_vision_msgs/msg/ShapeArray.idl\n'}
[3.312468] (pennair_vision_msgs) StdoutLine: {'line': b'-- Symlinking: /workspace/ros2_ws/install/pennair_vision_msgs/share/pennair_vision_msgs/msg/Shape.msg\n'}
[3.315021] (pennair_vision_msgs) StdoutLine: {'line': b'-- Symlinking: /workspace/ros2_ws/install/pennair_vision_msgs/share/pennair_vision_msgs/msg/ShapeArray.msg\n'}
[3.317793] (pennair_vision_msgs) StdoutLine: {'line': b'-- Symlinking: /workspace/ros2_ws/install/pennair_vision_msgs/share/ament_index/resource_index/package_run_dependencies/pennair_vision_msgs\n'}
[3.320730] (pennair_vision_msgs) StdoutLine: {'line': b'-- Symlinking: /workspace/ros2_ws/install/pennair_vision_msgs/share/ament_index/resource_index/parent_prefix_path/pennair_vision_msgs\n'}
[3.323499] (pennair_vision_msgs) StdoutLine: {'line': b'-- Symlinking: /workspace/ros2_ws/install/pennair_vision_msgs/share/pennair_vision_msgs/environment/ament_prefix_path.sh\n'}
[3.326289] (pennair_vision_msgs) StdoutLine: {'line': b'-- Symlinking: /workspace/ros2_ws/install/pennair_vision_msgs/share/pennair_vision_msgs/environment/ament_prefix_path.dsv\n'}
[3.328944] (pennair_vision_msgs) StdoutLine: {'line': b'-- Symlinking: /workspace/ros2_ws/install/pennair_vision_msgs/share/pennair_vision_msgs/environment/path.sh\n'}
[3.331607] (pennair_vision_msgs) StdoutLine: {'line': b'-- Symlinking: /workspace/ros2_ws/install/pennair_vision_msgs/share/pennair_vision_msgs/environment/path.dsv\n'}
[3.334388] (pennair_vision_msgs) StdoutLine: {'line': b'-- Symlinking: /workspace/ros2_ws/install/pennair_vision_msgs/share/pennair_vision_msgs/local_setup.bash\n'}
[3.336027] (-) TimerEvent: {}
[3.337081] (pennair_vision_msgs) StdoutLine: {'line': b'-- Symlinking: /workspace/ros2_ws/install/pennair_vision_msgs/share/pennair_vision_msgs/local_setup.sh\n'}
[3.339777] (pennair_vision_msgs) StdoutLine: {'line': b'-- Symlinking: /workspace/ros2_ws/install/pennair_vision_msgs/share/pennair_vision_msgs/local_setup.zsh\n'}
[3.342575] (pennair_vision_msgs) StdoutLine: {'line': b'-- Symlinking: /workspace/ros2_ws/install/pennair_vision_msgs/share/pennair_vision_msgs/local_setup.dsv\n'}
[3.345325] (pennair_vision_msgs) StdoutLine: {'line': b'-- Symlinking: /workspace/ros2_ws/install/pennair_vision_msgs/share/pennair_vision_msgs/package.dsv\n'}
[3.348342] (pennair_vision_msgs) StdoutLine: {'line': b'-- Symlinking: /workspace/ros2_ws/install/pennair_vision_msgs/share/ament_index/resource_index/packages/pennair_vision_msgs\n'}
[3.351265] (pennair_vision_msgs) StdoutLine: {'line': b'-- Symlinking: /workspace/ros2_ws/install/pennair_vision_msgs/share/pennair_vision_msgs/cmake/rosidl_cmake-extras.cmake\n'}
[3.353851] (pennair_vision_msgs) StdoutLine: {'line': b'-- Symlinking: /workspace/ros2_ws/install/pennair_vision_msgs/share/pennair_vision_msgs/cmake/ament_cmake_export_dependencies-extras.cmake\n'}
[3.356726] (pennair_vision_msgs) StdoutLine: {'line': b'-- Symlinking: /workspace/ros2_ws/install/pennair_vision_msgs/share/pennair_vision_msgs/cmake/ament_cmake_export_include_directories-extras.cmake\n'}
[3.359525] (pennair_vision_msgs) StdoutLine: {'line': b'-- Symlinking: /workspace/ros2_ws/install/pennair_vision_msgs/share/pennair_vision_msgs/cmake/ament_cmake_export_libraries-extras.cmake\n'}
[3.362316] (pennair_vision_msgs) StdoutLine: {'line': b'-- Symlinking: /workspace/ros2_ws/install/pennair_vision_msgs/share/pennair_vision_msgs/cmake/ament_cmake_export_targets-extras.cmake\n'}
[3.364930] (pennair_vision_msgs) StdoutLine: {'line': b'-- Symlinking: /workspace/ros2_ws/install/pennair_vision_msgs/share/pennair_vision_msgs/cmake/rosidl_cmake_export_typesupport_targets-extras.cmake\n'}
[3.367754] (pennair_vision_msgs) StdoutLine: {'line': b'-- Symlinking: /workspace/ros2_ws/install/pennair_vision_msgs/share/pennair_vision_msgs/cmake/rosidl_cmake_export_typesupport_libraries-extras.cmake\n'}
[3.370599] (pennair_vision_msgs) StdoutLine: {'line': b'-- Symlinking: /workspace/ros2_ws/install/pennair_vision_msgs/share/pennair_vision_msgs/cmake/rosidl_cmake_aggregate_target-extras.cmake\n'}
[3.373261] (pennair_vision_msgs) StdoutLine: {'line': b'-- Symlinking: /workspace/ros2_ws/install/pennair_vision_msgs/share/pennair_vision_msgs/cmake/pennair_vision_msgsConfig.cmake\n'}
[3.375888] (pennair_vision_msgs) StdoutLine: {'line': b'-- Symlinking: /workspace/ros2_ws/install/pennair_vision_msgs/share/pennair_vision_msgs/cmake/pennair_vision_msgsConfig-version.cmake\n'}
[3.378764] (pennair_vision_msgs) StdoutLine: {'line': b'-- Symlinking: /workspace/ros2_ws/install/pennair_vision_msgs/share/pennair_vision_msgs/package.xml\n'}
[3.381649] (pennair_vision_msgs) StdoutLine: {'line': b'-- Installing: /workspace/ros2_ws/install/pennair_vision_msgs/lib/libpennair_vision_msgs__rosidl_generator_c.so\n'}
[3.383156] (pennair_vision_msgs) StdoutLine: {'line': b'-- Set non-toolchain portion of runtime path of "/workspace/ros2_ws/install/pennair_vision_msgs/lib/libpennair_vision_msgs__rosidl_generator_c.so" to ""\n'}
[3.383372] (pennair_vision_msgs) StdoutLine: {'line': b'-- Installing: /workspace/ros2_ws/install/pennair_vision_msgs/lib/libpennair_vision_msgs__rosidl_typesupport_fastrtps_c.so\n'}
[3.385344] (pennair_vision_msgs) StdoutLine: {'line': b'-- Set non-toolchain portion of runtime path of "/workspace/ros2_ws/install/pennair_vision_msgs/lib/libpennair_vision_msgs__rosidl_typesupport_fastrtps_c.so" to ""\n'}
[3.385579] (pennair_vision_msgs) StdoutLine: {'line': b'-- Installing: /workspace/ros2_ws/install/pennair_vision_msgs/lib/libpennair_vision_msgs__rosidl_typesupport_introspection_c.so\n'}
[3.387014] (pennair_vision_msgs) StdoutLine: {'line': b'-- Set non-toolchain portion of runtime path of "/workspace/ros2_ws/install/pennair_vision_msgs/lib/libpennair_vision_msgs__rosidl_typesupport_introspection_c.so" to ""\n'}
[3.387259] (pennair_vision_msgs) StdoutLine: {'line': b'-- Installing: /workspace/ros2_ws/install/pennair_vision_msgs/lib/libpennair_vision_msgs__rosidl_typesupport_c.so\n'}
[3.388915] (pennair_vision_msgs) StdoutLine: {'line': b'-- Set non-toolchain portion of runtime path of "/workspace/ros2_ws/install/pennair_vision_msgs/lib/libpennair_vision_msgs__rosidl_typesupport_c.so" to ""\n'}
[3.389174] (pennair_vision_msgs) StdoutLine: {'line': b'-- Installing: /workspace/ros2_ws/install/pennair_vision_msgs/lib/libpennair_vision_msgs__rosidl_typesupport_fastrtps_cpp.so\n'}
[3.390914] (pennair_vision_msgs) StdoutLine: {'line': b'-- Set non-toolchain portion of runtime path of "/workspace/ros2_ws/install/pennair_vision_msgs/lib/libpennair_vision_msgs__rosidl_typesupport_fastrtps_cpp.so" to ""\n'}
[3.391164] (pennair_vision_msgs) StdoutLine: {'line': b'-- Installing: /workspace/ros2_ws/install/pennair_vision_msgs/lib/libpennair_vision_msgs__rosidl_typesupport_introspection_cpp.so\n'}
[3.392681] (pennair_vision_msgs) StdoutLine: {'line': b'-- Set non-toolchain portion of runtime path of "/workspace/ros2_ws/install/pennair_vision_msgs/lib/libpennair_vision_msgs__rosidl_typesupport_introspection_cpp.so" to ""\n'}
[3.392980] (pennair_vision_msgs) StdoutLine: {'line': b'-- Installing: /workspace/ros2_ws/install/pennair_vision_msgs/lib/libpennair_vision_msgs__rosidl_typesupport_cpp.so\n'}
[3.394685] (pennair_vision_msgs) StdoutLine: {'line': b'-- Set non-toolchain portion of runtime path of "/workspace/ros2_ws/install/pennair_vision_msgs/lib/libpennair_vision_msgs__rosidl_typesupport_cpp.so" to ""\n'}
[3.412014] (pennair_vision_msgs) StdoutLine: {'line': b"Listing '/workspace/ros2_ws/install/pennair_vision_msgs/lib/python3.12/site-packages/pennair_vision_msgs'...\n"}
[3.413095] (pennair_vision_msgs) StdoutLine: {'line': b"Compiling '/workspace/ros2_ws/install/pennair_vision_msgs/lib/python3.12/site-packages/pennair_vision_msgs/__init__.py'...\n"}
[3.413199] (pennair_vision_msgs) StdoutLine: {'line': b"Listing '/workspace/ros2_ws/install/pennair_vision_msgs/lib/python3.12/site-packages/pennair_vision_msgs/msg'...\n"}
[3.413280] (pennair_vision_msgs) StdoutLine: {'line': b"Compiling '/workspace/ros2_ws/install/pennair_vision_msgs/lib/python3.12/site-packages/pennair_vision_msgs/msg/__init__.py'...\n"}
[3.413360] (pennair_vision_msgs) StdoutLine: {'line': b"Compiling '/workspace/ros2_ws/install/pennair_vision_msgs/lib/python3.12/site-packages/pennair_vision_msgs/msg/_shape.py'...\n"}
[3.413439] (pennair_vision_msgs) StdoutLine: {'line': b"Compiling '/workspace/ros2_ws/install/pennair_vision_msgs/lib/python3.12/site-packages/pennair_vision_msgs/msg/_shape_array.py'...\n"}
[3.414238] (pennair_vision_msgs) StdoutLine: {'line': b'-- Installing: /workspace/ros2_ws/install/pennair_vision_msgs/lib/libpennair_vision_msgs__rosidl_generator_py.so\n'}
[3.416149] (pennair_vision_msgs) StdoutLine: {'line': b'-- Set non-toolchain portion of runtime path of "/workspace/ros2_ws/install/pennair_vision_msgs/lib/libpennair_vision_msgs__rosidl_generator_py.so" to ""\n'}
[3.416628] (pennair_vision_msgs) StdoutLine: {'line': b'-- Installing: /workspace/ros2_ws/install/pennair_vision_msgs/share/pennair_vision_msgs/cmake/export_pennair_vision_msgs__rosidl_generator_cExport.cmake\n'}
[3.417746] (pennair_vision_msgs) StdoutLine: {'line': b'-- Installing: /workspace/ros2_ws/install/pennair_vision_msgs/share/pennair_vision_msgs/cmake/export_pennair_vision_msgs__rosidl_generator_cExport-noconfig.cmake\n'}
[3.418833] (pennair_vision_msgs) StdoutLine: {'line': b'-- Installing: /workspace/ros2_ws/install/pennair_vision_msgs/share/pennair_vision_msgs/cmake/export_pennair_vision_msgs__rosidl_typesupport_fastrtps_cExport.cmake\n'}
[3.420100] (pennair_vision_msgs) StdoutLine: {'line': b'-- Installing: /workspace/ros2_ws/install/pennair_vision_msgs/share/pennair_vision_msgs/cmake/export_pennair_vision_msgs__rosidl_typesupport_fastrtps_cExport-noconfig.cmake\n'}
[3.421228] (pennair_vision_msgs) StdoutLine: {'line': b'-- Installing: /workspace/ros2_ws/install/pennair_vision_msgs/share/pennair_vision_msgs/cmake/pennair_vision_msgs__rosidl_typesupport_introspection_cExport.cmake\n'}
[3.422187] (pennair_vision_msgs) StdoutLine: {'line': b'-- Installing: /workspace/ros2_ws/install/pennair_vision_msgs/share/pennair_vision_msgs/cmake/pennair_vision_msgs__rosidl_typesupport_introspection_cExport-noconfig.cmake\n'}
[3.423394] (pennair_vision_msgs) StdoutLine: {'line': b'-- Installing: /workspace/ros2_ws/install/pennair_vision_msgs/share/pennair_vision_msgs/cmake/pennair_vision_msgs__rosidl_typesupport_cExport.cmake\n'}
[3.424297] (pennair_vision_msgs) StdoutLine: {'line': b'-- Installing: /workspace/ros2_ws/install/pennair_vision_msgs/share/pennair_vision_msgs/cmake/pennair_vision_msgs__rosidl_typesupport_cExport-noconfig.cmake\n'}
[3.425570] (pennair_vision_msgs) StdoutLine: {'line': b'-- Installing: /workspace/ros2_ws/install/pennair_vision_msgs/share/pennair_vision_msgs/cmake/export_pennair_vision_msgs__rosidl_generator_cppExport.cmake\n'}
[3.426778] (pennair_vision_msgs) StdoutLine: {'line': b'-- Installing: /workspace/ros2_ws/install/pennair_vision_msgs/share/pennair_vision_msgs/cmake/export_pennair_vision_msgs__rosidl_typesupport_fastrtps_cppExport.cmake\n'}
[3.427874] (pennair_vision_msgs) StdoutLine: {'line': b'-- Installing: /workspace/ros2_ws/install/pennair_vision_msgs/share/pennair_vision_msgs/cmake/export_pennair_vision_msgs__rosidl_typesupport_fastrtps_cppExport-noconfig.cmake\n'}
[3.429003] (pennair_vision_msgs) StdoutLine: {'line': b'-- Installing: /workspace/ros2_ws/install/pennair_vision_msgs/share/pennair_vision_msgs/cmake/pennair_vision_msgs__rosidl_typesupport_introspection_cppExport.cmake\n'}
[3.430087] (pennair_vision_msgs) StdoutLine: {'line': b'-- Installing: /workspace/ros2_ws/install/pennair_vision_msgs/share/pennair_vision_msgs/cmake/pennair_vision_msgs__rosidl_typesupport_introspection_cppExport-noconfig.cmake\n'}
[3.431273] (pennair_vision_msgs) StdoutLine: {'line': b'-- Installing: /workspace/ros2_ws/install/pennair_vision_msgs/share/pennair_vision_msgs/cmake/pennair_vision_msgs__rosidl_typesupport_cppExport.cmake\n'}
[3.432419] (pennair_vision_msgs) StdoutLine: {'line': b'-- Installing: /workspace/ros2_ws/install/pennair_vision_msgs/share/pennair_vision_msgs/cmake/pennair_vision_msgs__rosidl_typesupport_cppExport-noconfig.cmake\n'}
[3.433652] (pennair_vision_msgs) StdoutLine: {'line': b'-- Installing: /workspace/ros2_ws/install/pennair_vision_msgs/share/pennair_vision_msgs/cmake/export_pennair_vision_msgs__rosidl_generator_pyExport.cmake\n'}
[3.434632] (pennair_vision_msgs) StdoutLine: {'line': b'-- Installing: /workspace/ros2_ws/install/pennair_vision_msgs/share/pennair_vision_msgs/cmake/export_pennair_vision_msgs__rosidl_generator_pyExport-noconfig.cmake\n'}
[3.437126] (pennair_vision_msgs) CommandEnded: {'returncode': 0}
[3.438217] (-) TimerEvent: {}
[3.467393] (pennair_vision_msgs) JobEnded: {'identifier': 'pennair_vision_msgs', 'rc': 0}
[3.468518] (pennair_vision) JobStarted: {'identifier': 'pennair_vision'}
[3.539028] (-) TimerEvent: {}
[3.640038] (-) TimerEvent: {}
[3.741026] (-) TimerEvent: {}
[3.754541] (pennair_vision) Command: {'cmd': ['/usr/bin/python3', '-W', 'ignore:setup.py install is deprecated', '-W', 'ignore:easy_install command is deprecated', 'setup.py', 'develop', '--editable', '--build-directory', '/workspace/ros2_ws/build/pennair_vision/build', '--no-deps', 'symlink_data'], 'cwd': '/workspace/ros2_ws/build/pennair_vision', 'env': OrderedDict({'HOSTNAME': 'b8e3ed4d3ce4', 'SHLVL': '1', 'LD_LIBRARY_PATH': '/workspace/ros2_ws/install/pennair_vision_msgs/lib:/opt/ros/jazzy/lib/aarch64-linux-gnu:/opt/ros/jazzy/lib', 'HOME': '/root', 'ROS_PYTHON_VERSION': '3', 'ROS_DISTRO': 'jazzy', '_': '/usr/bin/colcon', 'ROS_VERSION': '2', 'PATH': '/opt/ros/jazzy/bin:/usr/local/sbin:/usr/local/bin:/usr/sbin:/usr/bin:/sbin:/bin', 'LANG': 'C.UTF-8', 'AMENT_PREFIX_PATH': '/workspace/ros2_ws/install/pennair_vision_msgs:/opt/ros/jazzy', 'OPENCV_VIDEOIO_PRIORITY_INTEL_MFX': '0', 'ROS_AUTOMATIC_DISCOVERY_RANGE': 'SUBNET', 'PWD': '/workspace/ros2_ws/build/pennair_vision', 'QT_QPA_PLATFORM': 'offscreen', 'LC_ALL': 'C.UTF-8', 'PYTHONPATH': '/workspace/ros2_ws/build/pennair_vision/prefix_override:/usr/lib/python3/dist-packages/colcon_core/task/python/colcon_distutils_commands:/workspace/ros2_ws/install/pennair_vision/lib/python3.12/site-packages:/workspace/ros2_ws/install/pennair_vision_msgs/lib/python3.12/site-packages:/opt/ros/jazzy/lib/python3.12/site-packages:/workspace/src', 'COLCON': '1', 'CMAKE_PREFIX_PATH': '/workspace/ros2_ws/install/pennair_vision_msgs'}), 'shell': False}
[3.831805] (pennair_vision) StdoutLine: {'line': b'running develop\n'}
[3.842006] (-) TimerEvent: {}
[3.863723] (pennair_vision) StdoutLine: {'line': b'running egg_info\n'}
[3.864040] (pennair_vision) StdoutLine: {'line': b'creating pennair_vision.egg-info\n'}
[3.866978] (pennair_vision) StdoutLine: {'line': b'writing pennair_vision.egg-info/PKG-INFO\n'}
[3.867418] (pennair_vision) StdoutLine: {'line': b'writing dependency_links to pennair_vision.egg-info/dependency_links.txt\n'}
[3.867814] (pennair_vision) StdoutLine: {'line': b'writing entry points to pennair_vision.egg-info/entry_points.txt\n'}
[3.868238] (pennair_vision) StdoutLine: {'line': b'writing requirements to pennair_vision.egg-info/requires.txt\n'}
[3.868604] (pennair_vision) StdoutLine: {'line': b'writing top-level names to pennair_vision.egg-info/top_level.txt\n'}
[3.868875] (pennair_vision) StdoutLine: {'line': b"writing manifest file 'pennair_vision.egg-info/SOURCES.txt'\n"}
[3.876455] (pennair_vision) StdoutLine: {'line': b"reading manifest file 'pennair_vision.egg-info/SOURCES.txt'\n"}
[3.877364] (pennair_vision) StdoutLine: {'line': b"writing manifest file 'pennair_vision.egg-info/SOURCES.txt'\n"}
[3.880772] (pennair_vision) StdoutLine: {'line': b'running build_ext\n'}
[3.881024] (pennair_vision) StdoutLine: {'line': b'Creating /workspace/ros2_ws/install/pennair_vision/lib/python3.12/site-packages/pennair-vision.egg-link (link to .)\n'}
[3.881977] (pennair_vision) StdoutLine: {'line': b'Installing detector_node script to /workspace/ros2_ws/install/pennair_vision/lib/pennair_vision\n'}
[3.882494] (pennair_vision) StdoutLine: {'line': b'Installing video_publisher script to /workspace/ros2_ws/install/pennair_vision/lib/pennair_vision\n'}
[3.883119] (pennair_vision) StdoutLine: {'line': b'\n'}
[3.883462] (pennair_vision) StdoutLine: {'line': b'Installed /workspace/ros2_ws/build/pennair_vision\n'}
[3.883813] (pennair_vision) StdoutLine: {'line': b'running symlink_data\n'}
[3.884019] (pennair_vision) StdoutLine: {'line': b'creating /workspace/ros2_ws/install/pennair_vision/share/ament_index\n'}
[3.884173] (pennair_vision) StdoutLine: {'line': b'creating /workspace/ros2_ws/install/pennair_vision/share/ament_index/resource_index\n'}
[3.884429] (pennair_vision) StdoutLine: {'line': b'creating /workspace/ros2_ws/install/pennair_vision/share/ament_index/resource_index/packages\n'}
[3.884747] (pennair_vision) StdoutLine: {'line': b'symbolically linking /workspace/ros2_ws/build/pennair_vision/resource/pennair_vision -> /workspace/ros2_ws/install/pennair_vision/share/ament_index/resource_index/packages\n'}
[3.886032] (pennair_vision) StdoutLine: {'line': b'symbolically linking /workspace/ros2_ws/build/pennair_vision/package.xml -> /workspace/ros2_ws/install/pennair_vision/share/pennair_vision\n'}
[3.887244] (pennair_vision) StdoutLine: {'line': b'creating /workspace/ros2_ws/install/pennair_vision/share/pennair_vision/launch\n'}
[3.887495] (pennair_vision) StdoutLine: {'line': b'symbolically linking /workspace/ros2_ws/build/pennair_vision/launch/detection.launch.py -> /workspace/ros2_ws/install/pennair_vision/share/pennair_vision/launch\n'}
[3.899243] (pennair_vision) CommandEnded: {'returncode': 0}
[3.915013] (pennair_vision) JobEnded: {'identifier': 'pennair_vision', 'rc': 0}
[3.915863] (-) EventReactorShutdown: {}
