[0.045s] DEBUG:colcon:Command line arguments: ['/usr/bin/colcon', 'build', '--symlink-install']
[0.045s] DEBUG:colcon:Parsed command line arguments: Namespace(log_base=None, log_level=None, verb_name='build', build_base='build', install_base='install', merge_install=False, symlink_install=True, test_result_base=None, continue_on_error=False, executor='parallel', parallel_workers=10, event_handlers=None, ignore_user_meta=False, metas=['./colcon.meta'], base_paths=['.'], packages_ignore=None, packages_ignore_regex=None, paths=None, packages_up_to=None, packages_up_to_regex=None, packages_above=None, packages_above_and_dependencies=None, packages_above_depth=None, packages_select_by_dep=None, packages_skip_by_dep=None, packages_skip_up_to=None, packages_select_build_failed=False, packages_skip_build_finished=False, packages_select_test_failures=False, packages_skip_test_passed=False, packages_select=None, packages_skip=None, packages_select_regex=None, packages_skip_regex=None, packages_start=None, packages_end=None, cmake_args=None, cmake_target=None, cmake_target_skip_unavailable=False, cmake_clean_cache=False, cmake_clean_first=False, cmake_force_configure=False, ament_cmake_args=None, catkin_cmake_args=None, catkin_skip_building_tests=False, mixin_files=None, mixin=None, verb_parser=<colcon_mixin.mixin.mixin_argument.MixinArgumentDecorator object at 0xffff95ac5490>, verb_extension=<colcon_core.verb.build.BuildVerb object at 0xffff95ac50d0>, main=<bound method BuildVerb.main of <colcon_core.verb.build.BuildVerb object at 0xffff95ac50d0>>, mixin_verb=('build',))
[0.061s] Level 1:colcon.colcon_core.package_discovery:discover_packages(colcon_meta) check parameters
[0.062s] INFO:colcon.colcon_metadata.package_discovery.colcon_meta:Using configuration from '/root/.colcon/metadata/default/Gazebo.meta'
[0.062s] INFO:colcon.colcon_metadata.package_discovery.colcon_meta:Using configuration from '/root/.colcon/metadata/default/fastdds.meta'
[0.062s] INFO:colcon.colcon_metadata.package_discovery.colcon_meta:Using configuration from '/root/.colcon/metadata/default/fastrtps.meta'
[0.062s] Level 1:colcon.colcon_core.package_discovery:discover_packages(recursive) check parameters
[0.062s] Level 1:colcon.colcon_core.package_discovery:discover_packages(ignore) check parameters
[0.062s] Level 1:colcon.colcon_core.package_discovery:discover_packages(path) check parameters
[0.062s] Level 1:colcon.colcon_core.package_discovery:discover_packages(colcon_meta) discover
[0.062s] Level 1:colcon.colcon_core.package_discovery:discover_packages(recursive) discover
[0.062s] INFO:colcon.colcon_core.package_discovery:Crawling recursively for packages in '/workspace/ros2_ws'
[0.062s] Level 1:colcon.colcon_core.package_identification:_identify(.) by extensions ['ignore', 'ignore_ament_install']
[0.063s] Level 1:colcon.colcon_core.package_identification:_identify(.) by extension 'ignore'
[0.063s] Level 1:colcon.colcon_core.package_identification:_identify(.) by extension 'ignore_ament_install'
[0.063s] Level 1:colcon.colcon_core.package_identification:_identify(.) by extensions ['colcon_pkg']
[0.063s] Level 1:colcon.colcon_core.package_identification:_identify(.) by extension 'colcon_pkg'
[0.063s] Level 1:colcon.colcon_core.package_identification:_identify(.) by extensions ['colcon_meta']
[0.063s] Level 1:colcon.colcon_core.package_identification:_identify(.) by extension 'colcon_meta'
[0.063s] Level 1:colcon.colcon_core.package_identification:_identify(.) by extensions ['ros']
[0.063s] Level 1:colcon.colcon_core.package_identification:_identify(.) by extension 'ros'
[0.078s] Level 1:colcon.colcon_core.package_identification:_identify(.) by extensions ['cmake', 'python']
[0.078s] Level 1:colcon.colcon_core.package_identification:_identify(.) by extension 'cmake'
[0.079s] Level 1:colcon.colcon_core.package_identification:_identify(.) by extension 'python'
[0.079s] Level 1:colcon.colcon_core.package_identification:_identify(.) by extensions ['python_setup_py']
[0.079s] Level 1:colcon.colcon_core.package_identification:_identify(.) by extension 'python_setup_py'
[0.079s] Level 1:colcon.colcon_core.package_identification:_identify(build) by extensions ['ignore', 'ignore_ament_install']
[0.079s] Level 1:colcon.colcon_core.package_identification:_identify(build) by extension 'ignore'
[0.079s] Level 1:colcon.colcon_core.package_identification:_identify(build) ignored
[0.079s] Level 1:colcon.colcon_core.package_identification:_identify(install) by extensions ['ignore', 'ignore_ament_install']
[0.079s] Level 1:colcon.colcon_core.package_identification:_identify(install) by extension 'ignore'
[0.079s] Level 1:colcon.colcon_core.package_identification:_identify(install) ignored
[0.079s] Level 1:colcon.colcon_core.package_identification:_identify(log) by extensions ['ignore', 'ignore_ament_install']
[0.079s] Level 1:colcon.colcon_core.package_identification:_identify(log) by extension 'ignore'
[0.079s] Level 1:colcon.colcon_core.package_identification:_identify(log) ignored
[0.080s] Level 1:colcon.colcon_core.package_identification:_identify(src) by extensions ['ignore', 'ignore_ament_install']
[0.080s] Level 1:colcon.colcon_core.package_identification:_identify(src) by extension 'ignore'
[0.080s] Level 1:colcon.colcon_core.package_identification:_identify(src) by extension 'ignore_ament_install'
[0.080s] Level 1:colcon.colcon_core.package_identification:_identify(src) by extensions ['colcon_pkg']
[0.080s] Level 1:colcon.colcon_core.package_identification:_identify(src) by extension 'colcon_pkg'
[0.080s] Level 1:colcon.colcon_core.package_identification:_identify(src) by extensions ['colcon_meta']
[0.080s] Level 1:colcon.colcon_core.package_identification:_identify(src) by extension 'colcon_meta'
[0.080s] Level 1:colcon.colcon_core.package_identification:_identify(src) by extensions ['ros']
[0.080s] Level 1:colcon.colcon_core.package_identification:_identify(src) by extension 'ros'
[0.080s] Level 1:colcon.colcon_core.package_identification:_identify(src) by extensions ['cmake', 'python']
[0.080s] Level 1:colcon.colcon_core.package_identification:_identify(src) by extension 'cmake'
[0.080s] Level 1:colcon.colcon_core.package_identification:_identify(src) by extension 'python'
[0.080s] Level 1:colcon.colcon_core.package_identification:_identify(src) by extensions ['python_setup_py']
[0.080s] Level 1:colcon.colcon_core.package_identification:_identify(src) by extension 'python_setup_py'
[0.080s] Level 1:colcon.colcon_core.package_identification:_identify(src/pennair_vision) by extensions ['ignore', 'ignore_ament_install']
[0.080s] Level 1:colcon.colcon_core.package_identification:_identify(src/pennair_vision) by extension 'ignore'
[0.080s] Level 1:colcon.colcon_core.package_identification:_identify(src/pennair_vision) by extension 'ignore_ament_install'
[0.081s] Level 1:colcon.colcon_core.package_identification:_identify(src/pennair_vision) by extensions ['colcon_pkg']
[0.081s] Level 1:colcon.colcon_core.package_identification:_identify(src/pennair_vision) by extension 'colcon_pkg'
[0.081s] Level 1:colcon.colcon_core.package_identification:_identify(src/pennair_vision) by extensions ['colcon_meta']
[0.081s] Level 1:colcon.colcon_core.package_identification:_identify(src/pennair_vision) by extension 'colcon_meta'
[0.081s] Level 1:colcon.colcon_core.package_identification:_identify(src/pennair_vision) by extensions ['ros']
[0.081s] Level 1:colcon.colcon_core.package_identification:_identify(src/pennair_vision) by extension 'ros'
[0.082s] DEBUG:colcon.colcon_core.package_identification:Package 'src/pennair_vision' with type 'ros.ament_python' and name 'pennair_vision'
[0.083s] Level 1:colcon.colcon_core.package_identification:_identify(src/pennair_vision_msgs) by extensions ['ignore', 'ignore_ament_install']
[0.083s] Level 1:colcon.colcon_core.package_identification:_identify(src/pennair_vision_msgs) by extension 'ignore'
[0.083s] Level 1:colcon.colcon_core.package_identification:_identify(src/pennair_vision_msgs) by extension 'ignore_ament_install'
[0.083s] Level 1:colcon.colcon_core.package_identification:_identify(src/pennair_vision_msgs) by extensions ['colcon_pkg']
[0.083s] Level 1:colcon.colcon_core.package_identification:_identify(src/pennair_vision_msgs) by extension 'colcon_pkg'
[0.083s] Level 1:colcon.colcon_core.package_identification:_identify(src/pennair_vision_msgs) by extensions ['colcon_meta']
[0.083s] Level 1:colcon.colcon_core.package_identification:_identify(src/pennair_vision_msgs) by extension 'colcon_meta'
[0.083s] Level 1:colcon.colcon_core.package_identification:_identify(src/pennair_vision_msgs) by extensions ['ros']
[0.083s] Level 1:colcon.colcon_core.package_identification:_identify(src/pennair_vision_msgs) by extension 'ros'
[0.083s] DEBUG:colcon.colcon_core.package_identification:Package 'src/pennair_vision_msgs' with type 'ros.ament_cmake' and name 'pennair_vision_msgs'
[0.083s] Level 1:colcon.colcon_core.package_discovery:discover_packages(recursive) using defaults
[0.083s] Level 1:colcon.colcon_core.package_discovery:discover_packages(ignore) discover
[0.083s] Level 1:colcon.colcon_core.package_discovery:discover_packages(ignore) using defaults
[0.084s] Level 1:colcon.colcon_core.package_discovery:discover_packages(path) discover
[0.084s] Level 1:colcon.colcon_core.package_discovery:discover_packages(path) using defaults
[0.091s] Level 5:colcon.colcon_core.verb:set package 'pennair_vision_msgs' build argument 'cmake_args' from command line to 'None'
[0.091s] Level 5:colcon.colcon_core.verb:set package 'pennair_vision_msgs' build argument 'cmake_target' from command line to 'None'
[0.091s] Level 5:colcon.colcon_core.verb:set package 'pennair_vision_msgs' build argument 'cmake_target_skip_unavailable' from command line to 'False'
[0.091s] Level 5:colcon.colcon_core.verb:set package 'pennair_vision_msgs' build argument 'cmake_clean_cache' from command line to 'False'
[0.091s] Level 5:colcon.colcon_core.verb:set package 'pennair_vision_msgs' build argument 'cmake_clean_first' from command line to 'False'
[0.091s] Level 5:colcon.colcon_core.verb:set package 'pennair_vision_msgs' build argument 'cmake_force_configure' from command line to 'False'
[0.091s] Level 5:colcon.colcon_core.verb:set package 'pennair_vision_msgs' build argument 'ament_cmake_args' from command line to 'None'
[0.091s] Level 5:colcon.colcon_core.verb:set package 'pennair_vision_msgs' build argument 'catkin_cmake_args' from command line to 'None'
[0.091s] Level 5:colcon.colcon_core.verb:set package 'pennair_vision_msgs' build argument 'catkin_skip_building_tests' from command line to 'False'
[0.091s] DEBUG:colcon.colcon_core.verb:Building package 'pennair_vision_msgs' with the following arguments: {'ament_cmake_args': None, 'build_base': '/workspace/ros2_ws/build/pennair_vision_msgs', 'catkin_cmake_args': None, 'catkin_skip_building_tests': False, 'cmake_args': None, 'cmake_clean_cache': False, 'cmake_clean_first': False, 'cmake_force_configure': False, 'cmake_target': None, 'cmake_target_skip_unavailable': False, 'install_base': '/workspace/ros2_ws/install/pennair_vision_msgs', 'merge_install': False, 'path': '/workspace/ros2_ws/src/pennair_vision_msgs', 'symlink_install': True, 'test_result_base': None}
[0.091s] Level 5:colcon.colcon_core.verb:set package 'pennair_vision' build argument 'cmake_args' from command line to 'None'
[0.091s] Level 5:colcon.colcon_core.verb:set package 'pennair_vision' build argument 'cmake_target' from command line to 'None'
[0.091s] Level 5:colcon.colcon_core.verb:set package 'pennair_vision' build argument 'cmake_target_skip_unavailable' from command line to 'False'
[0.091s] Level 5:colcon.colcon_core.verb:set package 'pennair_vision' build argument 'cmake_clean_cache' from command line to 'False'
[0.091s] Level 5:colcon.colcon_core.verb:set package 'pennair_vision' build argument 'cmake_clean_first' from command line to 'False'
[0.091s] Level 5:colcon.colcon_core.verb:set package 'pennair_vision' build argument 'cmake_force_configure' from command line to 'False'
[0.091s] Level 5:colcon.colcon_core.verb:set package 'pennair_vision' build argument 'ament_cmake_args' from command line to 'None'
[0.091s] Level 5:colcon.colcon_core.verb:set package 'pennair_vision' build argument 'catkin_cmake_args' from command line to 'None'
[0.091s] Level 5:colcon.colcon_core.verb:set package 'pennair_vision' build argument 'catkin_skip_building_tests' from command line to 'False'
[0.091s] DEBUG:colcon.colcon_core.verb:Building package 'pennair_vision' with the following arguments: {'ament_cmake_args': None, 'build_base': '/workspace/ros2_ws/build/pennair_vision', 'catkin_cmake_args': None, 'catkin_skip_building_tests': False, 'cmake_args': None, 'cmake_clean_cache': False, 'cmake_clean_first': False, 'cmake_force_configure': False, 'cmake_target': None, 'cmake_target_skip_unavailable': False, 'install_base': '/workspace/ros2_ws/install/pennair_vision', 'merge_install': False, 'path': '/workspace/ros2_ws/src/pennair_vision', 'symlink_install': True, 'test_result_base': None}
[0.092s] INFO:colcon.colcon_core.executor:Executing jobs using 'parallel' executor
[0.092s] DEBUG:colcon.colcon_parallel_executor.executor.parallel:run_until_complete
[0.092s] INFO:colcon.colcon_ros.task.ament_cmake.build:Building ROS package in '/workspace/ros2_ws/src/pennair_vision_msgs' with build type 'ament_cmake'
[0.092s] INFO:colcon.colcon_cmake.task.cmake.build:Building CMake package in '/workspace/ros2_ws/src/pennair_vision_msgs'
[0.093s] INFO:colcon.colcon_core.plugin_system:Skipping extension 'colcon_core.shell.bat': Not used on non-Windows systems
[0.093s] INFO:colcon.colcon_core.shell:Skip shell extension 'powershell' for command environment: Not usable outside of PowerShell
[0.093s] DEBUG:colcon.colcon_core.shell:Skip shell extension 'dsv' for command environment
[0.098s] DEBUG:colcon.colcon_core.event_handler.log_command:Invoking command in '/workspace/ros2_ws/build/pennair_vision_msgs': CMAKE_PREFIX_PATH=/opt/ros/jazzy /usr/bin/cmake /workspace/ros2_ws/src/pennair_vision_msgs -DAMENT_CMAKE_SYMLINK_INSTALL=1 -DCMAKE_INSTALL_PREFIX=/workspace/ros2_ws/install/pennair_vision_msgs
[1.715s] DEBUG:colcon.colcon_core.event_handler.log_command:Invoked command in '/workspace/ros2_ws/build/pennair_vision_msgs' returned '0': CMAKE_PREFIX_PATH=/opt/ros/jazzy /usr/bin/cmake /workspace/ros2_ws/src/pennair_vision_msgs -DAMENT_CMAKE_SYMLINK_INSTALL=1 -DCMAKE_INSTALL_PREFIX=/workspace/ros2_ws/install/pennair_vision_msgs
[1.716s] DEBUG:colcon.colcon_core.event_handler.log_command:Invoking command in '/workspace/ros2_ws/build/pennair_vision_msgs': CMAKE_PREFIX_PATH=/opt/ros/jazzy /usr/bin/cmake --build /workspace/ros2_ws/build/pennair_vision_msgs -- -j10 -l10
[3.222s] DEBUG:colcon.colcon_core.event_handler.log_command:Invoked command in '/workspace/ros2_ws/build/pennair_vision_msgs' returned '0': CMAKE_PREFIX_PATH=/opt/ros/jazzy /usr/bin/cmake --build /workspace/ros2_ws/build/pennair_vision_msgs -- -j10 -l10
[3.226s] DEBUG:colcon.colcon_core.event_handler.log_command:Invoking command in '/workspace/ros2_ws/build/pennair_vision_msgs': CMAKE_PREFIX_PATH=/opt/ros/jazzy /usr/bin/cmake --install /workspace/ros2_ws/build/pennair_vision_msgs
[3.529s] Level 1:colcon.colcon_core.environment:create_environment_scripts_only(pennair_vision_msgs)
[3.530s] Level 1:colcon.colcon_core.environment:checking '/workspace/ros2_ws/install/pennair_vision_msgs' for CMake module files
[3.530s] DEBUG:colcon.colcon_core.event_handler.log_command:Invoked command in '/workspace/ros2_ws/build/pennair_vision_msgs' returned '0': CMAKE_PREFIX_PATH=/opt/ros/jazzy /usr/bin/cmake --install /workspace/ros2_ws/build/pennair_vision_msgs
[3.533s] Level 1:colcon.colcon_core.environment:checking '/workspace/ros2_ws/install/pennair_vision_msgs' for CMake config files
[3.536s] Level 1:colcon.colcon_core.shell:create_environment_hook('pennair_vision_msgs', 'cmake_prefix_path')
[3.536s] INFO:colcon.colcon_core.shell:Creating environment hook '/workspace/ros2_ws/install/pennair_vision_msgs/share/pennair_vision_msgs/hook/cmake_prefix_path.ps1'
[3.537s] INFO:colcon.colcon_core.shell:Creating environment descriptor '/workspace/ros2_ws/install/pennair_vision_msgs/share/pennair_vision_msgs/hook/cmake_prefix_path.dsv'
[3.537s] INFO:colcon.colcon_core.shell:Creating environment hook '/workspace/ros2_ws/install/pennair_vision_msgs/share/pennair_vision_msgs/hook/cmake_prefix_path.sh'
[3.538s] Level 1:colcon.colcon_core.environment:checking '/workspace/ros2_ws/install/pennair_vision_msgs/lib'
[3.538s] Level 1:colcon.colcon_core.shell:create_environment_hook('pennair_vision_msgs', 'ld_library_path_lib')
[3.538s] INFO:colcon.colcon_core.shell:Creating environment hook '/workspace/ros2_ws/install/pennair_vision_msgs/share/pennair_vision_msgs/hook/ld_library_path_lib.ps1'
[3.539s] INFO:colcon.colcon_core.shell:Creating environment descriptor '/workspace/ros2_ws/install/pennair_vision_msgs/share/pennair_vision_msgs/hook/ld_library_path_lib.dsv'
[3.539s] INFO:colcon.colcon_core.shell:Creating environment hook '/workspace/ros2_ws/install/pennair_vision_msgs/share/pennair_vision_msgs/hook/ld_library_path_lib.sh'
[3.539s] Level 1:colcon.colcon_core.environment:checking '/workspace/ros2_ws/install/pennair_vision_msgs/bin'
[3.539s] Level 1:colcon.colcon_core.environment:checking '/workspace/ros2_ws/install/pennair_vision_msgs/lib/pkgconfig/pennair_vision_msgs.pc'
[3.540s] Level 1:colcon.colcon_core.environment:checking '/workspace/ros2_ws/install/pennair_vision_msgs/lib/python3.12/site-packages'
[3.540s] Level 1:colcon.colcon_core.shell:create_environment_hook('pennair_vision_msgs', 'pythonpath')
[3.540s] INFO:colcon.colcon_core.shell:Creating environment hook '/workspace/ros2_ws/install/pennair_vision_msgs/share/pennair_vision_msgs/hook/pythonpath.ps1'
[3.541s] INFO:colcon.colcon_core.shell:Creating environment descriptor '/workspace/ros2_ws/install/pennair_vision_msgs/share/pennair_vision_msgs/hook/pythonpath.dsv'
[3.541s] INFO:colcon.colcon_core.shell:Creating environment hook '/workspace/ros2_ws/install/pennair_vision_msgs/share/pennair_vision_msgs/hook/pythonpath.sh'
[3.542s] Level 1:colcon.colcon_core.environment:checking '/workspace/ros2_ws/install/pennair_vision_msgs/bin'
[3.542s] INFO:colcon.colcon_core.shell:Creating package script '/workspace/ros2_ws/install/pennair_vision_msgs/share/pennair_vision_msgs/package.ps1'
[3.542s] INFO:colcon.colcon_core.shell:Creating package descriptor '/workspace/ros2_ws/install/pennair_vision_msgs/share/pennair_vision_msgs/package.dsv'
[3.543s] INFO:colcon.colcon_core.shell:Creating package script '/workspace/ros2_ws/install/pennair_vision_msgs/share/pennair_vision_msgs/package.sh'
[3.543s] INFO:colcon.colcon_core.shell:Creating package script '/workspace/ros2_ws/install/pennair_vision_msgs/share/pennair_vision_msgs/package.bash'
[3.544s] INFO:colcon.colcon_core.shell:Creating package script '/workspace/ros2_ws/install/pennair_vision_msgs/share/pennair_vision_msgs/package.zsh'
[3.544s] Level 1:colcon.colcon_core.environment:create_file_with_runtime_dependencies(/workspace/ros2_ws/install/pennair_vision_msgs/share/colcon-core/packages/pennair_vision_msgs)
[3.546s] Level 1:colcon.colcon_core.environment:create_environment_scripts_only(pennair_vision_msgs)
[3.546s] Level 1:colcon.colcon_core.environment:checking '/workspace/ros2_ws/install/pennair_vision_msgs' for CMake module files
[3.548s] Level 1:colcon.colcon_core.environment:checking '/workspace/ros2_ws/install/pennair_vision_msgs' for CMake config files
[3.552s] Level 1:colcon.colcon_core.shell:create_environment_hook('pennair_vision_msgs', 'cmake_prefix_path')
[3.552s] INFO:colcon.colcon_core.shell:Creating environment hook '/workspace/ros2_ws/install/pennair_vision_msgs/share/pennair_vision_msgs/hook/cmake_prefix_path.ps1'
[3.553s] INFO:colcon.colcon_core.shell:Creating environment descriptor '/workspace/ros2_ws/install/pennair_vision_msgs/share/pennair_vision_msgs/hook/cmake_prefix_path.dsv'
[3.553s] INFO:colcon.colcon_core.shell:Creating environment hook '/workspace/ros2_ws/install/pennair_vision_msgs/share/pennair_vision_msgs/hook/cmake_prefix_path.sh'
[3.554s] Level 1:colcon.colcon_core.environment:checking '/workspace/ros2_ws/install/pennair_vision_msgs/lib'
[3.554s] Level 1:colcon.colcon_core.shell:create_environment_hook('pennair_vision_msgs', 'ld_library_path_lib')
[3.554s] INFO:colcon.colcon_core.shell:Creating environment hook '/workspace/ros2_ws/install/pennair_vision_msgs/share/pennair_vision_msgs/hook/ld_library_path_lib.ps1'
[3.554s] INFO:colcon.colcon_core.shell:Creating environment descriptor '/workspace/ros2_ws/install/pennair_vision_msgs/share/pennair_vision_msgs/hook/ld_library_path_lib.dsv'
[3.555s] INFO:colcon.colcon_core.shell:Creating environment hook '/workspace/ros2_ws/install/pennair_vision_msgs/share/pennair_vision_msgs/hook/ld_library_path_lib.sh'
[3.555s] Level 1:colcon.colcon_core.environment:checking '/workspace/ros2_ws/install/pennair_vision_msgs/bin'
[3.555s] Level 1:colcon.colcon_core.environment:checking '/workspace/ros2_ws/install/pennair_vision_msgs/lib/pkgconfig/pennair_vision_msgs.pc'
[3.555s] Level 1:colcon.colcon_core.environment:checking '/workspace/ros2_ws/install/pennair_vision_msgs/lib/python3.12/site-packages'
[3.555s] Level 1:colcon.colcon_core.shell:create_environment_hook('pennair_vision_msgs', 'pythonpath')
[3.555s] INFO:colcon.colcon_core.shell:Creating environment hook '/workspace/ros2_ws/install/pennair_vision_msgs/share/pennair_vision_msgs/hook/pythonpath.ps1'
[3.556s] INFO:colcon.colcon_core.shell:Creating environment descriptor '/workspace/ros2_ws/install/pennair_vision_msgs/share/pennair_vision_msgs/hook/pythonpath.dsv'
[3.556s] INFO:colcon.colcon_core.shell:Creating environment hook '/workspace/ros2_ws/install/pennair_vision_msgs/share/pennair_vision_msgs/hook/pythonpath.sh'
[3.556s] Level 1:colcon.colcon_core.environment:checking '/workspace/ros2_ws/install/pennair_vision_msgs/bin'
[3.556s] INFO:colcon.colcon_core.shell:Creating package script '/workspace/ros2_ws/install/pennair_vision_msgs/share/pennair_vision_msgs/package.ps1'
[3.557s] INFO:colcon.colcon_core.shell:Creating package descriptor '/workspace/ros2_ws/install/pennair_vision_msgs/share/pennair_vision_msgs/package.dsv'
[3.558s] INFO:colcon.colcon_core.shell:Creating package script '/workspace/ros2_ws/install/pennair_vision_msgs/share/pennair_vision_msgs/package.sh'
[3.558s] INFO:colcon.colcon_core.shell:Creating package script '/workspace/ros2_ws/install/pennair_vision_msgs/share/pennair_vision_msgs/package.bash'
[3.559s] INFO:colcon.colcon_core.shell:Creating package script '/workspace/ros2_ws/install/pennair_vision_msgs/share/pennair_vision_msgs/package.zsh'
[3.559s] Level 1:colcon.colcon_core.environment:create_file_with_runtime_dependencies(/workspace/ros2_ws/install/pennair_vision_msgs/share/colcon-core/packages/pennair_vision_msgs)
[3.560s] INFO:colcon.colcon_ros.task.ament_python.build:Building ROS package in '/workspace/ros2_ws/src/pennair_vision' with build type 'ament_python'
[3.560s] Level 1:colcon.colcon_core.shell:create_environment_hook('pennair_vision', 'ament_prefix_path')
[3.560s] INFO:colcon.colcon_core.shell:Creating environment hook '/workspace/ros2_ws/install/pennair_vision/share/pennair_vision/hook/ament_prefix_path.ps1'
[3.561s] INFO:colcon.colcon_core.shell:Creating environment descriptor '/workspace/ros2_ws/install/pennair_vision/share/pennair_vision/hook/ament_prefix_path.dsv'
[3.561s] INFO:colcon.colcon_core.shell:Creating environment hook '/workspace/ros2_ws/install/pennair_vision/share/pennair_vision/hook/ament_prefix_path.sh'
[3.562s] INFO:colcon.colcon_core.shell:Skip shell extension 'powershell' for command environment: Not usable outside of PowerShell
[3.562s] DEBUG:colcon.colcon_core.shell:Skip shell extension 'dsv' for command environment
[3.628s] INFO:colcon.colcon_core.task.python.build:Building Python package in '/workspace/ros2_ws/src/pennair_vision'
[3.628s] INFO:colcon.colcon_core.shell:Skip shell extension 'powershell' for command environment: Not usable outside of PowerShell
[3.628s] DEBUG:colcon.colcon_core.shell:Skip shell extension 'dsv' for command environment
[3.761s] DEBUG:colcon.colcon_core.task.python.build:Available setuptools commands: build, egg_info, build_py, build_ext, bdist_dumb, setopt, install_scripts, symlink_data, test, upload, clean, alias, easy_install, bdist, develop, editable_wheel, sdist, check, install_lib, install_egg_info, install_headers, install_data, install, bdist_egg, rotate, saveopts, build_clib, bdist_rpm, build_scripts, upload_docs, dist_info, register
[3.845s] DEBUG:colcon.colcon_core.task.python.build:Available setuptools 'develop' options: --record, --always-copy, --uninstall, --verbose, --prefix, --install-layout, --no-find-links, --multi-version, --editable, --always-unzip, --script-dir, --site-dirs, --help, --optimize, --upgrade, --build-directory, --quiet, --egg-path, --zip-ok, --exclude-scripts, --allow-hosts, --find-links, --install-dir, --local-snapshots-ok, --no-user-cfg, --index-url, --user, --dry-run, --no-deps, --force-installation-into-system-dir, --version
[3.848s] DEBUG:colcon.colcon_core.event_handler.log_command:Invoking command in '/workspace/ros2_ws/build/pennair_vision': AMENT_PREFIX_PATH=/workspace/ros2_ws/install/pennair_vision_msgs:${AMENT_PREFIX_PATH} CMAKE_PREFIX_PATH=/workspace/ros2_ws/install/pennair_vision_msgs LD_LIBRARY_PATH=/workspace/ros2_ws/install/pennair_vision_msgs/lib:${LD_LIBRARY_PATH} PYTHONPATH=/workspace/ros2_ws/build/pennair_vision/prefix_override:/usr/lib/python3/dist-packages/colcon_core/task/python/colcon_distutils_commands:/workspace/ros2_ws/install/pennair_vision/lib/python3.12/site-packages:/workspace/ros2_ws/install/pennair_vision_msgs/lib/python3.12/site-packages:/opt/ros/jazzy/lib/python3.12/site-packages:/workspace/src /usr/bin/python3 -W ignore:setup.py install is deprecated -W ignore:easy_install command is deprecated setup.py develop --editable --build-directory /workspace/ros2_ws/build/pennair_vision/build --no-deps symlink_data
[3.991s] Level 1:colcon.colcon_core.shell:create_environment_hook('pennair_vision', 'pythonpath_develop')
[3.992s] INFO:colcon.colcon_core.shell:Creating environment hook '/workspace/ros2_ws/build/pennair_vision/share/pennair_vision/hook/pythonpath_develop.ps1'
[3.992s] DEBUG:colcon.colcon_core.event_handler.log_command:Invoked command in '/workspace/ros2_ws/build/pennair_vision' returned '0': AMENT_PREFIX_PATH=/workspace/ros2_ws/install/pennair_vision_msgs:${AMENT_PREFIX_PATH} CMAKE_PREFIX_PATH=/workspace/ros2_ws/install/pennair_vision_msgs LD_LIBRARY_PATH=/workspace/ros2_ws/install/pennair_vision_msgs/lib:${LD_LIBRARY_PATH} PYTHONPATH=/workspace/ros2_ws/build/pennair_vision/prefix_override:/usr/lib/python3/dist-packages/colcon_core/task/python/colcon_distutils_commands:/workspace/ros2_ws/install/pennair_vision/lib/python3.12/site-packages:/workspace/ros2_ws/install/pennair_vision_msgs/lib/python3.12/site-packages:/opt/ros/jazzy/lib/python3.12/site-packages:/workspace/src /usr/bin/python3 -W ignore:setup.py install is deprecated -W ignore:easy_install command is deprecated setup.py develop --editable --build-directory /workspace/ros2_ws/build/pennair_vision/build --no-deps symlink_data
[3.993s] INFO:colcon.colcon_core.shell:Creating environment descriptor '/workspace/ros2_ws/build/pennair_vision/share/pennair_vision/hook/pythonpath_develop.dsv'
[3.995s] INFO:colcon.colcon_core.shell:Creating environment hook '/workspace/ros2_ws/build/pennair_vision/share/pennair_vision/hook/pythonpath_develop.sh'
[3.996s] Level 1:colcon.colcon_core.environment:checking '/workspace/ros2_ws/install/pennair_vision' for CMake module files
[3.998s] Level 1:colcon.colcon_core.environment:checking '/workspace/ros2_ws/install/pennair_vision' for CMake config files
[4.001s] Level 1:colcon.colcon_core.environment:checking '/workspace/ros2_ws/install/pennair_vision/lib'
[4.001s] Level 1:colcon.colcon_core.environment:checking '/workspace/ros2_ws/install/pennair_vision/bin'
[4.001s] Level 1:colcon.colcon_core.environment:checking '/workspace/ros2_ws/install/pennair_vision/lib/pkgconfig/pennair_vision.pc'
[4.002s] Level 1:colcon.colcon_core.environment:checking '/workspace/ros2_ws/install/pennair_vision/lib/python3.12/site-packages'
[4.002s] Level 1:colcon.colcon_core.shell:create_environment_hook('pennair_vision', 'pythonpath')
[4.002s] INFO:colcon.colcon_core.shell:Creating environment hook '/workspace/ros2_ws/install/pennair_vision/share/pennair_vision/hook/pythonpath.ps1'
[4.003s] INFO:colcon.colcon_core.shell:Creating environment descriptor '/workspace/ros2_ws/install/pennair_vision/share/pennair_vision/hook/pythonpath.dsv'
[4.004s] INFO:colcon.colcon_core.shell:Creating environment hook '/workspace/ros2_ws/install/pennair_vision/share/pennair_vision/hook/pythonpath.sh'
[4.004s] Level 1:colcon.colcon_core.environment:checking '/workspace/ros2_ws/install/pennair_vision/bin'
[4.004s] Level 1:colcon.colcon_core.environment:create_environment_scripts_only(pennair_vision)
[4.004s] INFO:colcon.colcon_core.shell:Creating package script '/workspace/ros2_ws/install/pennair_vision/share/pennair_vision/package.ps1'
[4.005s] INFO:colcon.colcon_core.shell:Creating package descriptor '/workspace/ros2_ws/install/pennair_vision/share/pennair_vision/package.dsv'
[4.005s] INFO:colcon.colcon_core.shell:Creating package script '/workspace/ros2_ws/install/pennair_vision/share/pennair_vision/package.sh'
[4.006s] INFO:colcon.colcon_core.shell:Creating package script '/workspace/ros2_ws/install/pennair_vision/share/pennair_vision/package.bash'
[4.006s] INFO:colcon.colcon_core.shell:Creating package script '/workspace/ros2_ws/install/pennair_vision/share/pennair_vision/package.zsh'
[4.006s] Level 1:colcon.colcon_core.environment:create_file_with_runtime_dependencies(/workspace/ros2_ws/install/pennair_vision/share/colcon-core/packages/pennair_vision)
[4.007s] DEBUG:colcon.colcon_parallel_executor.executor.parallel:closing loop
[4.007s] DEBUG:colcon.colcon_parallel_executor.executor.parallel:loop closed
[4.007s] DEBUG:colcon.colcon_parallel_executor.executor.parallel:run_until_complete finished with '0'
[4.007s] DEBUG:colcon.colcon_core.event_reactor:joining thread
[4.011s] INFO:colcon.colcon_core.plugin_system:Skipping extension 'colcon_notification.desktop_notification.notify_send': Could not find 'notify-send'
[4.012s] INFO:colcon.colcon_core.plugin_system:Skipping extension 'colcon_notification.desktop_notification.terminal_notifier': Not used on non-Darwin systems
[4.012s] INFO:colcon.colcon_core.plugin_system:Skipping extension 'colcon_notification.desktop_notification.win32': Not used on non-Windows systems
[4.012s] INFO:colcon.colcon_notification.desktop_notification:Sending desktop notification using 'notify2'
[4.012s] DEBUG:colcon.colcon_notification.desktop_notification.notify2:Failed to initialize notify2: org.freedesktop.DBus.Error.NotSupported: Unable to autolaunch a dbus-daemon without a $DISPLAY for X11
[4.012s] DEBUG:colcon.colcon_core.event_reactor:joined thread
[4.012s] INFO:colcon.colcon_core.shell:Creating prefix script '/workspace/ros2_ws/install/local_setup.ps1'
[4.013s] INFO:colcon.colcon_core.shell:Creating prefix util module '/workspace/ros2_ws/install/_local_setup_util_ps1.py'
[4.013s] INFO:colcon.colcon_core.shell:Creating prefix chain script '/workspace/ros2_ws/install/setup.ps1'
[4.014s] INFO:colcon.colcon_core.shell:Creating prefix script '/workspace/ros2_ws/install/local_setup.sh'
[4.015s] INFO:colcon.colcon_core.shell:Creating prefix util module '/workspace/ros2_ws/install/_local_setup_util_sh.py'
[4.015s] INFO:colcon.colcon_core.shell:Creating prefix chain script '/workspace/ros2_ws/install/setup.sh'
[4.016s] INFO:colcon.colcon_core.shell:Creating prefix script '/workspace/ros2_ws/install/local_setup.bash'
[4.016s] INFO:colcon.colcon_core.shell:Creating prefix chain script '/workspace/ros2_ws/install/setup.bash'
[4.017s] INFO:colcon.colcon_core.shell:Creating prefix script '/workspace/ros2_ws/install/local_setup.zsh'
[4.017s] INFO:colcon.colcon_core.shell:Creating prefix chain script '/workspace/ros2_ws/install/setup.zsh'
