-- The C compiler identification is GNU 13.3.0
-- The CXX compiler identification is GNU 13.3.0
-- Detecting C compiler ABI info
-- Detecting C compiler ABI info - done
-- Check for working C compiler: /usr/bin/cc - skipped
-- Detecting C compile features
-- Detecting C compile features - done
-- Detecting CXX compiler ABI info
-- Detecting CXX compiler ABI info - done
-- Check for working CXX compiler: /usr/bin/c++ - skipped
-- Detecting CXX compile features
-- Detecting CXX compile features - done
-- Found ament_cmake: 2.5.6 (/opt/ros/jazzy/share/ament_cmake/cmake)
-- Found Python3: /usr/bin/python3 (found version "3.12.3") found components: Interpreter 
-- Override CMake install command with custom implementation using symlinks instead of copying resources
-- Found rosidl_default_generators: 1.6.1 (/opt/ros/jazzy/share/rosidl_default_generators/cmake)
-- Using all available rosidl_typesupport_c: rosidl_typesupport_fastrtps_c;rosidl_typesupport_introspection_c
-- Using all available rosidl_typesupport_cpp: rosidl_typesupport_fastrtps_cpp;rosidl_typesupport_introspection_cpp
-- Found rosidl_adapter: 4.6.9 (/opt/ros/jazzy/share/rosidl_adapter/cmake)
-- Found std_msgs: 5.3.8 (/opt/ros/jazzy/share/std_msgs/cmake)
-- Found geometry_msgs: 5.3.8 (/opt/ros/jazzy/share/geometry_msgs/cmake)
-- Found ament_cmake_ros: 0.12.1 (/opt/ros/jazzy/share/ament_cmake_ros/cmake)
-- Using all available rosidl_typesupport_c: rosidl_typesupport_fastrtps_c;rosidl_typesupport_introspection_c
-- Using all available rosidl_typesupport_cpp: rosidl_typesupport_fastrtps_cpp;rosidl_typesupport_introspection_cpp
-- Found python_cmake_module: 0.11.1 (/opt/ros/jazzy/share/python_cmake_module/cmake)
-- Found PythonExtra: /usr/bin/python3  
-- Found Python3: /usr/bin/python3 (found version "3.12.3") found components: Interpreter Development NumPy Development.Module Development.Embed 
-- Found Python3: /usr/bin/python3 (found version "3.12.3") found components: Interpreter 
-- Configuring done (1.5s)
-- Generating done (0.1s)
-- Build files have been written to: /workspace/ros2_ws/build/pennair_vision_msgs
[  4%] Generating Rust code for ROS interfaces
[  4%] Generating type hashes for ROS interfaces
[  4%] Built target ament_cmake_python_symlink_pennair_vision_msgs
running egg_info
creating pennair_vision_msgs.egg-info
writing pennair_vision_msgs.egg-info/PKG-INFO
writing dependency_links to pennair_vision_msgs.egg-info/dependency_links.txt
writing top-level names to pennair_vision_msgs.egg-info/top_level.txt
writing manifest file 'pennair_vision_msgs.egg-info/SOURCES.txt'
reading manifest file 'pennair_vision_msgs.egg-info/SOURCES.txt'
writing manifest file 'pennair_vision_msgs.egg-info/SOURCES.txt'
[  4%] Built target ament_cmake_python_build_pennair_vision_msgs_egg
[  4%] Built target pennair_vision_msgs__rosidl_generator_type_description
[  4%] Built target pennair_vision_msgs__rs
[  6%] Generating C code for ROS interfaces
[  8%] Generating C++ code for ROS interfaces
[  8%] Built target pennair_vision_msgs__cpp
[ 17%] Building C object CMakeFiles/pennair_vision_msgs__rosidl_generator_c.dir/rosidl_generator_c/pennair_vision_msgs/msg/detail/shape__functions.c.o
[ 17%] Building C object CMakeFiles/pennair_vision_msgs__rosidl_generator_c.dir/rosidl_generator_c/pennair_vision_msgs/msg/detail/shape__description.c.o
[ 17%] Building C object CMakeFiles/pennair_vision_msgs__rosidl_generator_c.dir/rosidl_generator_c/pennair_vision_msgs/msg/detail/shape__type_support.c.o
[ 17%] Building C object CMakeFiles/pennair_vision_msgs__rosidl_generator_c.dir/rosidl_generator_c/pennair_vision_msgs/msg/detail/shape_array__functions.c.o
[ 22%] Building C object CMakeFiles/pennair_vision_msgs__rosidl_generator_c.dir/rosidl_generator_c/pennair_vision_msgs/msg/detail/shape_array__type_support.c.o
[ 22%] Building C object CMakeFiles/pennair_vision_msgs__rosidl_generator_c.dir/rosidl_generator_c/pennair_vision_msgs/msg/detail/shape_array__description.c.o
[ 24%] Linking C shared library libpennair_vision_msgs__rosidl_generator_c.so
[ 24%] Built target pennair_vision_msgs__rosidl_generator_c
[ 31%] Generating C++ type support for eProsima Fast-RTPS
[ 31%] Generating C++ introspection for ROS interfaces
[ 31%] Generating C type support dispatch for ROS interfaces
[ 37%] Generating C introspection for ROS interfaces
[ 37%] Generating C++ type support dispatch for ROS interfaces
[ 37%] Generating C type support for eProsima Fast-RTPS
[ 42%] Building CXX object CMakeFiles/pennair_vision_msgs__rosidl_typesupport_c.dir/rosidl_typesupport_c/pennair_vision_msgs/msg/shape_array__type_support.cpp.o
[ 42%] Building CXX object CMakeFiles/pennair_vision_msgs__rosidl_typesupport_c.dir/rosidl_typesupport_c/pennair_vision_msgs/msg/shape__type_support.cpp.o
[ 46%] Building CXX object CMakeFiles/pennair_vision_msgs__rosidl_typesupport_cpp.dir/rosidl_typesupport_cpp/pennair_vision_msgs/msg/shape__type_support.cpp.o
[ 46%] Building CXX object CMakeFiles/pennair_vision_msgs__rosidl_typesupport_cpp.dir/rosidl_typesupport_cpp/pennair_vision_msgs/msg/shape_array__type_support.cpp.o
[ 51%] Building CXX object CMakeFiles/pennair_vision_msgs__rosidl_typesupport_introspection_cpp.dir/rosidl_typesupport_introspection_cpp/pennair_vision_msgs/msg/detail/shape__type_support.cpp.o
[ 51%] Building CXX object CMakeFiles/pennair_vision_msgs__rosidl_typesupport_introspection_cpp.dir/rosidl_typesupport_introspection_cpp/pennair_vision_msgs/msg/detail/shape_array__type_support.cpp.o
[ 53%] Building C object CMakeFiles/pennair_vision_msgs__rosidl_typesupport_introspection_c.dir/rosidl_typesupport_introspection_c/pennair_vision_msgs/msg/detail/shape__type_support.c.o
[ 55%] Building C object CMakeFiles/pennair_vision_msgs__rosidl_typesupport_introspection_c.dir/rosidl_typesupport_introspection_c/pennair_vision_msgs/msg/detail/shape_array__type_support.c.o
[ 57%] Linking CXX shared library libpennair_vision_msgs__rosidl_typesupport_c.so
[ 62%] Building CXX object CMakeFiles/pennair_vision_msgs__rosidl_typesupport_fastrtps_cpp.dir/rosidl_typesupport_fastrtps_cpp/pennair_vision_msgs/msg/detail/dds_fastrtps/shape__type_support.cpp.o
[ 62%] Building CXX object CMakeFiles/pennair_vision_msgs__rosidl_typesupport_fastrtps_cpp.dir/rosidl_typesupport_fastrtps_cpp/pennair_vision_msgs/msg/detail/dds_fastrtps/shape_array__type_support.cpp.o
[ 64%] Building CXX object CMakeFiles/pennair_vision_msgs__rosidl_typesupport_fastrtps_c.dir/rosidl_typesupport_fastrtps_c/pennair_vision_msgs/msg/detail/shape__type_support_c.cpp.o
[ 64%] Built target pennair_vision_msgs__rosidl_typesupport_c
[ 66%] Building CXX object CMakeFiles/pennair_vision_msgs__rosidl_typesupport_fastrtps_c.dir/rosidl_typesupport_fastrtps_c/pennair_vision_msgs/msg/detail/shape_array__type_support_c.cpp.o
[ 68%] Linking C shared library libpennair_vision_msgs__rosidl_typesupport_introspection_c.so
[ 68%] Built target pennair_vision_msgs__rosidl_typesupport_introspection_c
[ 71%] Linking CXX shared library libpennair_vision_msgs__rosidl_typesupport_cpp.so
[ 71%] Built target pennair_vision_msgs__rosidl_typesupport_cpp
[ 73%] Linking CXX shared library libpennair_vision_msgs__rosidl_typesupport_introspection_cpp.so
[ 75%] Linking CXX shared library libpennair_vision_msgs__rosidl_typesupport_fastrtps_c.so
[ 75%] Built target pennair_vision_msgs__rosidl_typesupport_introspection_cpp
[ 77%] Linking CXX shared library libpennair_vision_msgs__rosidl_typesupport_fastrtps_cpp.so
[ 77%] Built target pennair_vision_msgs__rosidl_typesupport_fastrtps_c
[ 77%] Built target pennair_vision_msgs__rosidl_typesupport_fastrtps_cpp
[ 77%] Built target pennair_vision_msgs
[ 80%] Generating Python code for ROS interfaces
[ 80%] Built target pennair_vision_msgs__py
[ 84%] Building C object CMakeFiles/pennair_vision_msgs__rosidl_generator_py.dir/rosidl_generator_py/pennair_vision_msgs/msg/_shape_s.c.o
[ 84%] Building C object CMakeFiles/pennair_vision_msgs__rosidl_generator_py.dir/rosidl_generator_py/pennair_vision_msgs/msg/_shape_array_s.c.o
[ 86%] Linking C shared library libpennair_vision_msgs__rosidl_generator_py.so
[ 86%] Built target pennair_vision_msgs__rosidl_generator_py
[ 93%] Building C object CMakeFiles/pennair_vision_msgs_s__rosidl_typesupport_c.dir/rosidl_generator_py/pennair_vision_msgs/_pennair_vision_msgs_s.ep.rosidl_typesupport_c.c.o
[ 93%] Building C object CMakeFiles/pennair_vision_msgs_s__rosidl_typesupport_fastrtps_c.dir/rosidl_generator_py/pennair_vision_msgs/_pennair_vision_msgs_s.ep.rosidl_typesupport_fastrtps_c.c.o
[ 93%] Building C object CMakeFiles/pennair_vision_msgs_s__rosidl_typesupport_introspection_c.dir/rosidl_generator_py/pennair_vision_msgs/_pennair_vision_msgs_s.ep.rosidl_typesupport_introspection_c.c.o
[ 95%] Linking C shared module rosidl_generator_py/pennair_vision_msgs/pennair_vision_msgs_s__rosidl_typesupport_c.so
[100%] Linking C shared module rosidl_generator_py/pennair_vision_msgs/pennair_vision_msgs_s__rosidl_typesupport_introspection_c.so
[100%] Linking C shared module rosidl_generator_py/pennair_vision_msgs/pennair_vision_msgs_s__rosidl_typesupport_fastrtps_c.so
[100%] Built target pennair_vision_msgs_s__rosidl_typesupport_c
[100%] Built target pennair_vision_msgs_s__rosidl_typesupport_fastrtps_c
[100%] Built target pennair_vision_msgs_s__rosidl_typesupport_introspection_c
-- Install configuration: ""
-- Execute custom install script
-- Symlinking: /workspace/ros2_ws/install/pennair_vision_msgs/share/ament_index/resource_index/rosidl_interfaces/pennair_vision_msgs
-- Symlinking: /workspace/ros2_ws/install/pennair_vision_msgs/share/pennair_vision_msgs/msg/Shape.json
-- Symlinking: /workspace/ros2_ws/install/pennair_vision_msgs/share/pennair_vision_msgs/msg/ShapeArray.json
-- Symlinking: /workspace/ros2_ws/install/pennair_vision_msgs/include/pennair_vision_msgs/pennair_vision_msgs/msg/detail/shape__functions.h
-- Symlinking: /workspace/ros2_ws/install/pennair_vision_msgs/include/pennair_vision_msgs/pennair_vision_msgs/msg/detail/shape__struct.h
-- Symlinking: /workspace/ros2_ws/install/pennair_vision_msgs/include/pennair_vision_msgs/pennair_vision_msgs/msg/detail/shape__type_support.h
-- Symlinking: /workspace/ros2_ws/install/pennair_vision_msgs/include/pennair_vision_msgs/pennair_vision_msgs/msg/detail/shape_array__functions.h
-- Symlinking: /workspace/ros2_ws/install/pennair_vision_msgs/include/pennair_vision_msgs/pennair_vision_msgs/msg/detail/shape_array__struct.h
-- Symlinking: /workspace/ros2_ws/install/pennair_vision_msgs/include/pennair_vision_msgs/pennair_vision_msgs/msg/detail/shape_array__type_support.h
-- Symlinking: /workspace/ros2_ws/install/pennair_vision_msgs/include/pennair_vision_msgs/pennair_vision_msgs/msg/rosidl_generator_c__visibility_control.h
-- Symlinking: /workspace/ros2_ws/install/pennair_vision_msgs/include/pennair_vision_msgs/pennair_vision_msgs/msg/shape.h
-- Symlinking: /workspace/ros2_ws/install/pennair_vision_msgs/include/pennair_vision_msgs/pennair_vision_msgs/msg/shape_array.h
-- Symlinking: /workspace/ros2_ws/install/pennair_vision_msgs/share/pennair_vision_msgs/environment/library_path.sh
-- Symlinking: /workspace/ros2_ws/install/pennair_vision_msgs/share/pennair_vision_msgs/environment/library_path.dsv
-- Symlinking: /workspace/ros2_ws/install/pennair_vision_msgs/include/pennair_vision_msgs/pennair_vision_msgs/msg/detail/shape__rosidl_typesupport_fastrtps_c.h
-- Symlinking: /workspace/ros2_ws/install/pennair_vision_msgs/include/pennair_vision_msgs/pennair_vision_msgs/msg/detail/shape_array__rosidl_typesupport_fastrtps_c.h
-- Symlinking: /workspace/ros2_ws/install/pennair_vision_msgs/include/pennair_vision_msgs/pennair_vision_msgs/msg/rosidl_typesupport_fastrtps_c__visibility_control.h
-- Symlinking: /workspace/ros2_ws/install/pennair_vision_msgs/include/pennair_vision_msgs/pennair_vision_msgs/msg/detail/shape__rosidl_typesupport_introspection_c.h
-- Symlinking: /workspace/ros2_ws/install/pennair_vision_msgs/include/pennair_vision_msgs/pennair_vision_msgs/msg/detail/shape_array__rosidl_typesupport_introspection_c.h
-- Symlinking: /workspace/ros2_ws/install/pennair_vision_msgs/include/pennair_vision_msgs/pennair_vision_msgs/msg/rosidl_typesupport_introspection_c__visibility_control.h
-- Symlinking: /workspace/ros2_ws/install/pennair_vision_msgs/include/pennair_vision_msgs/pennair_vision_msgs/msg/detail/shape__builder.hpp
-- Symlinking: /workspace/ros2_ws/install/pennair_vision_msgs/include/pennair_vision_msgs/pennair_vision_msgs/msg/detail/shape__struct.hpp
-- Symlinking: /workspace/ros2_ws/install/pennair_vision_msgs/include/pennair_vision_msgs/pennair_vision_msgs/msg/detail/shape__traits.hpp
-- Symlinking: /workspace/ros2_ws/install/pennair_vision_msgs/include/pennair_vision_msgs/pennair_vision_msgs/msg/detail/shape__type_support.hpp
-- Symlinking: /workspace/ros2_ws/install/pennair_vision_msgs/include/pennair_vision_msgs/pennair_vision_msgs/msg/detail/shape_array__builder.hpp
-- Symlinking: /workspace/ros2_ws/install/pennair_vision_msgs/include/pennair_vision_msgs/pennair_vision_msgs/msg/detail/shape_array__struct.hpp
-- Symlinking: /workspace/ros2_ws/install/pennair_vision_msgs/include/pennair_vision_msgs/pennair_vision_msgs/msg/detail/shape_array__traits.hpp
-- Symlinking: /workspace/ros2_ws/install/pennair_vision_msgs/include/pennair_vision_msgs/pennair_vision_msgs/msg/detail/shape_array__type_support.hpp
-- Symlinking: /workspace/ros2_ws/install/pennair_vision_msgs/include/pennair_vision_msgs/pennair_vision_msgs/msg/rosidl_generator_cpp__visibility_control.hpp
-- Symlinking: /workspace/ros2_ws/install/pennair_vision_msgs/include/pennair_vision_msgs/pennair_vision_msgs/msg/shape.hpp
-- Symlinking: /workspace/ros2_ws/install/pennair_vision_msgs/include/pennair_vision_msgs/pennair_vision_msgs/msg/shape_array.hpp
-- Symlinking: /workspace/ros2_ws/install/pennair_vision_msgs/include/pennair_vision_msgs/pennair_vision_msgs/msg/detail/shape__rosidl_typesupport_fastrtps_cpp.hpp
-- Symlinking: /workspace/ros2_ws/install/pennair_vision_msgs/include/pennair_vision_msgs/pennair_vision_msgs/msg/detail/shape_array__rosidl_typesupport_fastrtps_cpp.hpp
-- Symlinking: /workspace/ros2_ws/install/pennair_vision_msgs/include/pennair_vision_msgs/pennair_vision_msgs/msg/rosidl_typesupport_fastrtps_cpp__visibility_control.h
-- Symlinking: /workspace/ros2_ws/install/pennair_vision_msgs/include/pennair_vision_msgs/pennair_vision_msgs/msg/detail/shape__rosidl_typesupport_introspection_cpp.hpp
-- Symlinking: /workspace/ros2_ws/install/pennair_vision_msgs/include/pennair_vision_msgs/pennair_vision_msgs/msg/detail/shape_array__rosidl_typesupport_introspection_cpp.hpp
-- Symlinking: /workspace/ros2_ws/install/pennair_vision_msgs/share/pennair_vision_msgs/environment/pythonpath.sh
-- Symlinking: /workspace/ros2_ws/install/pennair_vision_msgs/share/pennair_vision_msgs/environment/pythonpath.dsv
-- Symlinking: /workspace/ros2_ws/install/pennair_vision_msgs/lib/python3.12/site-packages/pennair_vision_msgs-1.0.0-py3.12.egg-info/PKG-INFO
-- Symlinking: /workspace/ros2_ws/install/pennair_vision_msgs/lib/python3.12/site-packages/pennair_vision_msgs-1.0.0-py3.12.egg-info/SOURCES.txt
-- Symlinking: /workspace/ros2_ws/install/pennair_vision_msgs/lib/python3.12/site-packages/pennair_vision_msgs-1.0.0-py3.12.egg-info/dependency_links.txt
-- Symlinking: /workspace/ros2_ws/install/pennair_vision_msgs/lib/python3.12/site-packages/pennair_vision_msgs-1.0.0-py3.12.egg-info/top_level.txt
-- Symlinking: /workspace/ros2_ws/install/pennair_vision_msgs/lib/python3.12/site-packages/pennair_vision_msgs/__init__.py
-- Symlinking: /workspace/ros2_ws/install/pennair_vision_msgs/lib/python3.12/site-packages/pennair_vision_msgs/_pennair_vision_msgs_s.ep.rosidl_typesupport_c.c
-- Symlinking: /workspace/ros2_ws/install/pennair_vision_msgs/lib/python3.12/site-packages/pennair_vision_msgs/_pennair_vision_msgs_s.ep.rosidl_typesupport_fastrtps_c.c
-- Symlinking: /workspace/ros2_ws/install/pennair_vision_msgs/lib/python3.12/site-packages/pennair_vision_msgs/_pennair_vision_msgs_s.ep.rosidl_typesupport_introspection_c.c
-- Symlinking: /workspace/ros2_ws/install/pennair_vision_msgs/lib/python3.12/site-packages/pennair_vision_msgs/msg/__init__.py
-- Symlinking: /workspace/ros2_ws/install/pennair_vision_msgs/lib/python3.12/site-packages/pennair_vision_msgs/msg/_shape.py
-- Symlinking: /workspace/ros2_ws/install/pennair_vision_msgs/lib/python3.12/site-packages/pennair_vision_msgs/msg/_shape_array.py
-- Symlinking: /workspace/ros2_ws/install/pennair_vision_msgs/lib/python3.12/site-packages/pennair_vision_msgs/msg/_shape_array_s.c
-- Symlinking: /workspace/ros2_ws/install/pennair_vision_msgs/lib/python3.12/site-packages/pennair_vision_msgs/msg/_shape_s.c
-- Symlinking: /workspace/ros2_ws/install/pennair_vision_msgs/lib/python3.12/site-packages/pennair_vision_msgs/pennair_vision_msgs_s__rosidl_typesupport_c.so
-- Symlinking: /workspace/ros2_ws/install/pennair_vision_msgs/lib/python3.12/site-packages/pennair_vision_msgs/pennair_vision_msgs_s__rosidl_typesupport_fastrtps_c.so
-- Symlinking: /workspace/ros2_ws/install/pennair_vision_msgs/lib/python3.12/site-packages/pennair_vision_msgs/pennair_vision_msgs_s__rosidl_typesupport_introspection_c.so
-- Up-to-date symlink: /workspace/ros2_ws/install/pennair_vision_msgs/lib/python3.12/site-packages/pennair_vision_msgs/pennair_vision_msgs_s__rosidl_typesupport_fastrtps_c.so
-- Up-to-date symlink: /workspace/ros2_ws/install/pennair_vision_msgs/lib/python3.12/site-packages/pennair_vision_msgs/pennair_vision_msgs_s__rosidl_typesupport_introspection_c.so
-- Up-to-date symlink: /workspace/ros2_ws/install/pennair_vision_msgs/lib/python3.12/site-packages/pennair_vision_msgs/pennair_vision_msgs_s__rosidl_typesupport_c.so
-- Symlinking: /workspace/ros2_ws/install/pennair_vision_msgs/share/pennair_vision_msgs/rust/Cargo.toml
-- Symlinking: /workspace/ros2_ws/install/pennair_vision_msgs/share/pennair_vision_msgs/rust/build.rs
-- Symlinking: /workspace/ros2_ws/install/pennair_vision_msgs/share/pennair_vision_msgs/rust/src/lib.rs
-- Symlinking: /workspace/ros2_ws/install/pennair_vision_msgs/share/pennair_vision_msgs/rust/src/msg.rs
-- Symlinking: /workspace/ros2_ws/install/pennair_vision_msgs/share/pennair_vision_msgs/rust/src/msg/rmw.rs
-- Symlinking: /workspace/ros2_ws/install/pennair_vision_msgs/share/pennair_vision_msgs/msg/Shape.idl
-- Symlinking: /workspace/ros2_ws/install/pennair_vision_msgs/share/pennair_vision_msgs/msg/ShapeArray.idl
-- Symlinking: /workspace/ros2_ws/install/pennair_vision_msgs/share/pennair_vision_msgs/msg/Shape.msg
-- Symlinking: /workspace/ros2_ws/install/pennair_vision_msgs/share/pennair_vision_msgs/msg/ShapeArray.msg
-- Symlinking: /workspace/ros2_ws/install/pennair_vision_msgs/share/ament_index/resource_index/package_run_dependencies/pennair_vision_msgs
-- Symlinking: /workspace/ros2_ws/install/pennair_vision_msgs/share/ament_index/resource_index/parent_prefix_path/pennair_vision_msgs
-- Symlinking: /workspace/ros2_ws/install/pennair_vision_msgs/share/pennair_vision_msgs/environment/ament_prefix_path.sh
-- Symlinking: /workspace/ros2_ws/install/pennair_vision_msgs/share/pennair_vision_msgs/environment/ament_prefix_path.dsv
-- Symlinking: /workspace/ros2_ws/install/pennair_vision_msgs/share/pennair_vision_msgs/environment/path.sh
-- Symlinking: /workspace/ros2_ws/install/pennair_vision_msgs/share/pennair_vision_msgs/environment/path.dsv
-- Symlinking: /workspace/ros2_ws/install/pennair_vision_msgs/share/pennair_vision_msgs/local_setup.bash
-- Symlinking: /workspace/ros2_ws/install/pennair_vision_msgs/share/pennair_vision_msgs/local_setup.sh
-- Symlinking: /workspace/ros2_ws/install/pennair_vision_msgs/share/pennair_vision_msgs/local_setup.zsh
-- Symlinking: /workspace/ros2_ws/install/pennair_vision_msgs/share/pennair_vision_msgs/local_setup.dsv
-- Symlinking: /workspace/ros2_ws/install/pennair_vision_msgs/share/pennair_vision_msgs/package.dsv
-- Symlinking: /workspace/ros2_ws/install/pennair_vision_msgs/share/ament_index/resource_index/packages/pennair_vision_msgs
-- Symlinking: /workspace/ros2_ws/install/pennair_vision_msgs/share/pennair_vision_msgs/cmake/rosidl_cmake-extras.cmake
-- Symlinking: /workspace/ros2_ws/install/pennair_vision_msgs/share/pennair_vision_msgs/cmake/ament_cmake_export_dependencies-extras.cmake
-- Symlinking: /workspace/ros2_ws/install/pennair_vision_msgs/share/pennair_vision_msgs/cmake/ament_cmake_export_include_directories-extras.cmake
-- Symlinking: /workspace/ros2_ws/install/pennair_vision_msgs/share/pennair_vision_msgs/cmake/ament_cmake_export_libraries-extras.cmake
-- Symlinking: /workspace/ros2_ws/install/pennair_vision_msgs/share/pennair_vision_msgs/cmake/ament_cmake_export_targets-extras.cmake
-- Symlinking: /workspace/ros2_ws/install/pennair_vision_msgs/share/pennair_vision_msgs/cmake/rosidl_cmake_export_typesupport_targets-extras.cmake
-- Symlinking: /workspace/ros2_ws/install/pennair_vision_msgs/share/pennair_vision_msgs/cmake/rosidl_cmake_export_typesupport_libraries-extras.cmake
-- Symlinking: /workspace/ros2_ws/install/pennair_vision_msgs/share/pennair_vision_msgs/cmake/rosidl_cmake_aggregate_target-extras.cmake
-- Symlinking: /workspace/ros2_ws/install/pennair_vision_msgs/share/pennair_vision_msgs/cmake/pennair_vision_msgsConfig.cmake
-- Symlinking: /workspace/ros2_ws/install/pennair_vision_msgs/share/pennair_vision_msgs/cmake/pennair_vision_msgsConfig-version.cmake
-- Symlinking: /workspace/ros2_ws/install/pennair_vision_msgs/share/pennair_vision_msgs/package.xml
-- Installing: /workspace/ros2_ws/install/pennair_vision_msgs/lib/libpennair_vision_msgs__rosidl_generator_c.so
-- Set non-toolchain portion of runtime path of "/workspace/ros2_ws/install/pennair_vision_msgs/lib/libpennair_vision_msgs__rosidl_generator_c.so" to ""
-- Installing: /workspace/ros2_ws/install/pennair_vision_msgs/lib/libpennair_vision_msgs__rosidl_typesupport_fastrtps_c.so
-- Set non-toolchain portion of runtime path of "/workspace/ros2_ws/install/pennair_vision_msgs/lib/libpennair_vision_msgs__rosidl_typesupport_fastrtps_c.so" to ""
-- Installing: /workspace/ros2_ws/install/pennair_vision_msgs/lib/libpennair_vision_msgs__rosidl_typesupport_introspection_c.so
-- Set non-toolchain portion of runtime path of "/workspace/ros2_ws/install/pennair_vision_msgs/lib/libpennair_vision_msgs__rosidl_typesupport_introspection_c.so" to ""
-- Installing: /workspace/ros2_ws/install/pennair_vision_msgs/lib/libpennair_vision_msgs__rosidl_typesupport_c.so
-- Set non-toolchain portion of runtime path of "/workspace/ros2_ws/install/pennair_vision_msgs/lib/libpennair_vision_msgs__rosidl_typesupport_c.so" to ""
-- Installing: /workspace/ros2_ws/install/pennair_vision_msgs/lib/libpennair_vision_msgs__rosidl_typesupport_fastrtps_cpp.so
-- Set non-toolchain portion of runtime path of "/workspace/ros2_ws/install/pennair_vision_msgs/lib/libpennair_vision_msgs__rosidl_typesupport_fastrtps_cpp.so" to ""
-- Installing: /workspace/ros2_ws/install/pennair_vision_msgs/lib/libpennair_vision_msgs__rosidl_typesupport_introspection_cpp.so
-- Set non-toolchain portion of runtime path of "/workspace/ros2_ws/install/pennair_vision_msgs/lib/libpennair_vision_msgs__rosidl_typesupport_introspection_cpp.so" to ""
-- Installing: /workspace/ros2_ws/install/pennair_vision_msgs/lib/libpennair_vision_msgs__rosidl_typesupport_cpp.so
-- Set non-toolchain portion of runtime path of "/workspace/ros2_ws/install/pennair_vision_msgs/lib/libpennair_vision_msgs__rosidl_typesupport_cpp.so" to ""
Listing '/workspace/ros2_ws/install/pennair_vision_msgs/lib/python3.12/site-packages/pennair_vision_msgs'...
Compiling '/workspace/ros2_ws/install/pennair_vision_msgs/lib/python3.12/site-packages/pennair_vision_msgs/__init__.py'...
Listing '/workspace/ros2_ws/install/pennair_vision_msgs/lib/python3.12/site-packages/pennair_vision_msgs/msg'...
Compiling '/workspace/ros2_ws/install/pennair_vision_msgs/lib/python3.12/site-packages/pennair_vision_msgs/msg/__init__.py'...
Compiling '/workspace/ros2_ws/install/pennair_vision_msgs/lib/python3.12/site-packages/pennair_vision_msgs/msg/_shape.py'...
Compiling '/workspace/ros2_ws/install/pennair_vision_msgs/lib/python3.12/site-packages/pennair_vision_msgs/msg/_shape_array.py'...
-- Installing: /workspace/ros2_ws/install/pennair_vision_msgs/lib/libpennair_vision_msgs__rosidl_generator_py.so
-- Set non-toolchain portion of runtime path of "/workspace/ros2_ws/install/pennair_vision_msgs/lib/libpennair_vision_msgs__rosidl_generator_py.so" to ""
-- Installing: /workspace/ros2_ws/install/pennair_vision_msgs/share/pennair_vision_msgs/cmake/export_pennair_vision_msgs__rosidl_generator_cExport.cmake
-- Installing: /workspace/ros2_ws/install/pennair_vision_msgs/share/pennair_vision_msgs/cmake/export_pennair_vision_msgs__rosidl_generator_cExport-noconfig.cmake
-- Installing: /workspace/ros2_ws/install/pennair_vision_msgs/share/pennair_vision_msgs/cmake/export_pennair_vision_msgs__rosidl_typesupport_fastrtps_cExport.cmake
-- Installing: /workspace/ros2_ws/install/pennair_vision_msgs/share/pennair_vision_msgs/cmake/export_pennair_vision_msgs__rosidl_typesupport_fastrtps_cExport-noconfig.cmake
-- Installing: /workspace/ros2_ws/install/pennair_vision_msgs/share/pennair_vision_msgs/cmake/pennair_vision_msgs__rosidl_typesupport_introspection_cExport.cmake
-- Installing: /workspace/ros2_ws/install/pennair_vision_msgs/share/pennair_vision_msgs/cmake/pennair_vision_msgs__rosidl_typesupport_introspection_cExport-noconfig.cmake
-- Installing: /workspace/ros2_ws/install/pennair_vision_msgs/share/pennair_vision_msgs/cmake/pennair_vision_msgs__rosidl_typesupport_cExport.cmake
-- Installing: /workspace/ros2_ws/install/pennair_vision_msgs/share/pennair_vision_msgs/cmake/pennair_vision_msgs__rosidl_typesupport_cExport-noconfig.cmake
-- Installing: /workspace/ros2_ws/install/pennair_vision_msgs/share/pennair_vision_msgs/cmake/export_pennair_vision_msgs__rosidl_generator_cppExport.cmake
-- Installing: /workspace/ros2_ws/install/pennair_vision_msgs/share/pennair_vision_msgs/cmake/export_pennair_vision_msgs__rosidl_typesupport_fastrtps_cppExport.cmake
-- Installing: /workspace/ros2_ws/install/pennair_vision_msgs/share/pennair_vision_msgs/cmake/export_pennair_vision_msgs__rosidl_typesupport_fastrtps_cppExport-noconfig.cmake
-- Installing: /workspace/ros2_ws/install/pennair_vision_msgs/share/pennair_vision_msgs/cmake/pennair_vision_msgs__rosidl_typesupport_introspection_cppExport.cmake
-- Installing: /workspace/ros2_ws/install/pennair_vision_msgs/share/pennair_vision_msgs/cmake/pennair_vision_msgs__rosidl_typesupport_introspection_cppExport-noconfig.cmake
-- Installing: /workspace/ros2_ws/install/pennair_vision_msgs/share/pennair_vision_msgs/cmake/pennair_vision_msgs__rosidl_typesupport_cppExport.cmake
-- Installing: /workspace/ros2_ws/install/pennair_vision_msgs/share/pennair_vision_msgs/cmake/pennair_vision_msgs__rosidl_typesupport_cppExport-noconfig.cmake
-- Installing: /workspace/ros2_ws/install/pennair_vision_msgs/share/pennair_vision_msgs/cmake/export_pennair_vision_msgs__rosidl_generator_pyExport.cmake
-- Installing: /workspace/ros2_ws/install/pennair_vision_msgs/share/pennair_vision_msgs/cmake/export_pennair_vision_msgs__rosidl_generator_pyExport-noconfig.cmake
