[0.005s] Invoking command in '/workspace/ros2_ws/build/pennair_vision_msgs': CMAKE_PREFIX_PATH=/opt/ros/jazzy /usr/bin/cmake /workspace/ros2_ws/src/pennair_vision_msgs -DAMENT_CMAKE_SYMLINK_INSTALL=1 -DCMAKE_INSTALL_PREFIX=/workspace/ros2_ws/install/pennair_vision_msgs
[0.069s] -- The C compiler identification is GNU 13.3.0
[0.105s] -- The CXX compiler identification is GNU 13.3.0
[0.112s] -- Detecting C compiler ABI info
[0.162s] -- Detecting C compiler ABI info - done
[0.168s] -- Check for working C compiler: /usr/bin/cc - skipped
[0.169s] -- Detecting C compile features
[0.169s] -- Detecting C compile features - done
[0.173s] -- Detecting CXX compiler ABI info
[0.225s] -- Detecting CXX compiler ABI info - done
[0.232s] -- Check for working CXX compiler: /usr/bin/c++ - skipped
[0.232s] -- Detecting CXX compile features
[0.233s] -- Detecting CXX compile features - done
[0.235s] -- Found ament_cmake: 2.5.6 (/opt/ros/jazzy/share/ament_cmake/cmake)
[0.277s] -- Found Python3: /usr/bin/python3 (found version "3.12.3") found components: Interpreter 
[0.306s] -- Override CMake install command with custom implementation using symlinks instead of copying resources
[0.327s] -- Found rosidl_default_generators: 1.6.1 (/opt/ros/jazzy/share/rosidl_default_generators/cmake)
[0.330s] -- Using all available rosidl_typesupport_c: rosidl_typesupport_fastrtps_c;rosidl_typesupport_introspection_c
[0.353s] -- Using all available rosidl_typesupport_cpp: rosidl_typesupport_fastrtps_cpp;rosidl_typesupport_introspection_cpp
[0.375s] -- Found rosidl_adapter: 4.6.9 (/opt/ros/jazzy/share/rosidl_adapter/cmake)
[0.377s] -- Found std_msgs: 5.3.8 (/opt/ros/jazzy/share/std_msgs/cmake)
[0.390s] -- Found geometry_msgs: 5.3.8 (/opt/ros/jazzy/share/geometry_msgs/cmake)
[0.646s] -- Found ament_cmake_ros: 0.12.1 (/opt/ros/jazzy/share/ament_cmake_ros/cmake)
[0.863s] -- Using all available rosidl_typesupport_c: rosidl_typesupport_fastrtps_c;rosidl_typesupport_introspection_c
[1.179s] -- Using all available rosidl_typesupport_cpp: rosidl_typesupport_fastrtps_cpp;rosidl_typesupport_introspection_cpp
[1.180s] -- Found python_cmake_module: 0.11.1 (/opt/ros/jazzy/share/python_cmake_module/cmake)
[1.220s] -- Found PythonExtra: /usr/bin/python3  
[1.379s] -- Found Python3: /usr/bin/python3 (found version "3.12.3") found components: Interpreter Development NumPy Development.Module Development.Embed 
[1.456s] -- Found Python3: /usr/bin/python3 (found version "3.12.3") found components: Interpreter 
[1.492s] -- Configuring done (1.5s)
[1.593s] -- Generating done (0.1s)
[1.619s] -- Build files have been written to: /workspace/ros2_ws/build/pennair_vision_msgs
[1.622s] Invoked command in '/workspace/ros2_ws/build/pennair_vision_msgs' returned '0': CMAKE_PREFIX_PATH=/opt/ros/jazzy /usr/bin/cmake /workspace/ros2_ws/src/pennair_vision_msgs -DAMENT_CMAKE_SYMLINK_INSTALL=1 -DCMAKE_INSTALL_PREFIX=/workspace/ros2_ws/install/pennair_vision_msgs
[1.623s] Invoking command in '/workspace/ros2_ws/build/pennair_vision_msgs': CMAKE_PREFIX_PATH=/opt/ros/jazzy /usr/bin/cmake --build /workspace/ros2_ws/build/pennair_vision_msgs -- -j10 -l10
[1.645s] [  4%] Generating Rust code for ROS interfaces
[1.646s] [  4%] Generating type hashes for ROS interfaces
[1.647s] [  4%] Built target ament_cmake_python_symlink_pennair_vision_msgs
[1.707s] running egg_info
[1.707s] creating pennair_vision_msgs.egg-info
[1.711s] writing pennair_vision_msgs.egg-info/PKG-INFO
[1.713s] writing dependency_links to pennair_vision_msgs.egg-info/dependency_links.txt
[1.714s] writing top-level names to pennair_vision_msgs.egg-info/top_level.txt
[1.714s] writing manifest file 'pennair_vision_msgs.egg-info/SOURCES.txt'
[1.727s] reading manifest file 'pennair_vision_msgs.egg-info/SOURCES.txt'
[1.729s] writing manifest file 'pennair_vision_msgs.egg-info/SOURCES.txt'
[1.742s] [  4%] Built target ament_cmake_python_build_pennair_vision_msgs_egg
[1.773s] [  4%] Built target pennair_vision_msgs__rosidl_generator_type_description
[1.775s] [  4%] Built target pennair_vision_msgs__rs
[1.779s] [  6%] Generating C code for ROS interfaces
[1.782s] [  8%] Generating C++ code for ROS interfaces
[1.967s] [  8%] Built target pennair_vision_msgs__cpp
[1.983s] [ 17%] Building C object CMakeFiles/pennair_vision_msgs__rosidl_generator_c.dir/rosidl_generator_c/pennair_vision_msgs/msg/detail/shape__functions.c.o
[1.984s] [ 17%] Building C object CMakeFiles/pennair_vision_msgs__rosidl_generator_c.dir/rosidl_generator_c/pennair_vision_msgs/msg/detail/shape__description.c.o
[1.984s] [ 17%] Building C object CMakeFiles/pennair_vision_msgs__rosidl_generator_c.dir/rosidl_generator_c/pennair_vision_msgs/msg/detail/shape__type_support.c.o
[1.985s] [ 17%] Building C object CMakeFiles/pennair_vision_msgs__rosidl_generator_c.dir/rosidl_generator_c/pennair_vision_msgs/msg/detail/shape_array__functions.c.o
[1.988s] [ 22%] Building C object CMakeFiles/pennair_vision_msgs__rosidl_generator_c.dir/rosidl_generator_c/pennair_vision_msgs/msg/detail/shape_array__type_support.c.o
[1.989s] [ 22%] Building C object CMakeFiles/pennair_vision_msgs__rosidl_generator_c.dir/rosidl_generator_c/pennair_vision_msgs/msg/detail/shape_array__description.c.o
[2.030s] [ 24%] Linking C shared library libpennair_vision_msgs__rosidl_generator_c.so
[2.048s] [ 24%] Built target pennair_vision_msgs__rosidl_generator_c
[2.055s] [ 31%] Generating C++ type support for eProsima Fast-RTPS
[2.056s] [ 31%] Generating C++ introspection for ROS interfaces
[2.057s] [ 31%] Generating C type support dispatch for ROS interfaces
[2.058s] [ 37%] Generating C introspection for ROS interfaces
[2.058s] [ 37%] Generating C++ type support dispatch for ROS interfaces
[2.058s] [ 37%] Generating C type support for eProsima Fast-RTPS
[2.233s] [ 42%] Building CXX object CMakeFiles/pennair_vision_msgs__rosidl_typesupport_c.dir/rosidl_typesupport_c/pennair_vision_msgs/msg/shape_array__type_support.cpp.o
[2.234s] [ 42%] Building CXX object CMakeFiles/pennair_vision_msgs__rosidl_typesupport_c.dir/rosidl_typesupport_c/pennair_vision_msgs/msg/shape__type_support.cpp.o
[2.245s] [ 46%] Building CXX object CMakeFiles/pennair_vision_msgs__rosidl_typesupport_cpp.dir/rosidl_typesupport_cpp/pennair_vision_msgs/msg/shape__type_support.cpp.o
[2.246s] [ 46%] Building CXX object CMakeFiles/pennair_vision_msgs__rosidl_typesupport_cpp.dir/rosidl_typesupport_cpp/pennair_vision_msgs/msg/shape_array__type_support.cpp.o
[2.257s] [ 51%] Building CXX object CMakeFiles/pennair_vision_msgs__rosidl_typesupport_introspection_cpp.dir/rosidl_typesupport_introspection_cpp/pennair_vision_msgs/msg/detail/shape__type_support.cpp.o
[2.258s] [ 51%] Building CXX object CMakeFiles/pennair_vision_msgs__rosidl_typesupport_introspection_cpp.dir/rosidl_typesupport_introspection_cpp/pennair_vision_msgs/msg/detail/shape_array__type_support.cpp.o
[2.262s] [ 53%] Building C object CMakeFiles/pennair_vision_msgs__rosidl_typesupport_introspection_c.dir/rosidl_typesupport_introspection_c/pennair_vision_msgs/msg/detail/shape__type_support.c.o
[2.263s] [ 55%] Building C object CMakeFiles/pennair_vision_msgs__rosidl_typesupport_introspection_c.dir/rosidl_typesupport_introspection_c/pennair_vision_msgs/msg/detail/shape_array__type_support.c.o
[2.284s] [ 57%] Linking CXX shared library libpennair_vision_msgs__rosidl_typesupport_c.so
[2.291s] [ 62%] Building CXX object CMakeFiles/pennair_vision_msgs__rosidl_typesupport_fastrtps_cpp.dir/rosidl_typesupport_fastrtps_cpp/pennair_vision_msgs/msg/detail/dds_fastrtps/shape__type_support.cpp.o
[2.292s] [ 62%] Building CXX object CMakeFiles/pennair_vision_msgs__rosidl_typesupport_fastrtps_cpp.dir/rosidl_typesupport_fastrtps_cpp/pennair_vision_msgs/msg/detail/dds_fastrtps/shape_array__type_support.cpp.o
[2.294s] [ 64%] Building CXX object CMakeFiles/pennair_vision_msgs__rosidl_typesupport_fastrtps_c.dir/rosidl_typesupport_fastrtps_c/pennair_vision_msgs/msg/detail/shape__type_support_c.cpp.o
[2.318s] [ 64%] Built target pennair_vision_msgs__rosidl_typesupport_c
[2.326s] [ 66%] Building CXX object CMakeFiles/pennair_vision_msgs__rosidl_typesupport_fastrtps_c.dir/rosidl_typesupport_fastrtps_c/pennair_vision_msgs/msg/detail/shape_array__type_support_c.cpp.o
[2.351s] [ 68%] Linking C shared library libpennair_vision_msgs__rosidl_typesupport_introspection_c.so
[2.379s] [ 68%] Built target pennair_vision_msgs__rosidl_typesupport_introspection_c
[2.575s] [ 71%] Linking CXX shared library libpennair_vision_msgs__rosidl_typesupport_cpp.so
[2.615s] [ 71%] Built target pennair_vision_msgs__rosidl_typesupport_cpp
[2.644s] [ 73%] Linking CXX shared library libpennair_vision_msgs__rosidl_typesupport_introspection_cpp.so
[2.669s] [ 75%] Linking CXX shared library libpennair_vision_msgs__rosidl_typesupport_fastrtps_c.so
[2.685s] [ 75%] Built target pennair_vision_msgs__rosidl_typesupport_introspection_cpp
[2.687s] [ 77%] Linking CXX shared library libpennair_vision_msgs__rosidl_typesupport_fastrtps_cpp.so
[2.700s] [ 77%] Built target pennair_vision_msgs__rosidl_typesupport_fastrtps_c
[2.718s] [ 77%] Built target pennair_vision_msgs__rosidl_typesupport_fastrtps_cpp
[2.725s] [ 77%] Built target pennair_vision_msgs
[2.733s] [ 80%] Generating Python code for ROS interfaces
[2.938s] [ 80%] Built target pennair_vision_msgs__py
[2.947s] [ 84%] Building C object CMakeFiles/pennair_vision_msgs__rosidl_generator_py.dir/rosidl_generator_py/pennair_vision_msgs/msg/_shape_s.c.o
[2.947s] [ 84%] Building C object CMakeFiles/pennair_vision_msgs__rosidl_generator_py.dir/rosidl_generator_py/pennair_vision_msgs/msg/_shape_array_s.c.o
[3.013s] [ 86%] Linking C shared library libpennair_vision_msgs__rosidl_generator_py.so
[3.032s] [ 86%] Built target pennair_vision_msgs__rosidl_generator_py
[3.043s] [ 93%] Building C object CMakeFiles/pennair_vision_msgs_s__rosidl_typesupport_c.dir/rosidl_generator_py/pennair_vision_msgs/_pennair_vision_msgs_s.ep.rosidl_typesupport_c.c.o
[3.043s] [ 93%] Building C object CMakeFiles/pennair_vision_msgs_s__rosidl_typesupport_fastrtps_c.dir/rosidl_generator_py/pennair_vision_msgs/_pennair_vision_msgs_s.ep.rosidl_typesupport_fastrtps_c.c.o
[3.043s] [ 93%] Building C object CMakeFiles/pennair_vision_msgs_s__rosidl_typesupport_introspection_c.dir/rosidl_generator_py/pennair_vision_msgs/_pennair_vision_msgs_s.ep.rosidl_typesupport_introspection_c.c.o
[3.096s] [ 95%] Linking C shared module rosidl_generator_py/pennair_vision_msgs/pennair_vision_msgs_s__rosidl_typesupport_c.so
[3.102s] [100%] Linking C shared module rosidl_generator_py/pennair_vision_msgs/pennair_vision_msgs_s__rosidl_typesupport_introspection_c.so
[3.102s] [100%] Linking C shared module rosidl_generator_py/pennair_vision_msgs/pennair_vision_msgs_s__rosidl_typesupport_fastrtps_c.so
[3.113s] [100%] Built target pennair_vision_msgs_s__rosidl_typesupport_c
[3.120s] [100%] Built target pennair_vision_msgs_s__rosidl_typesupport_fastrtps_c
[3.120s] [100%] Built target pennair_vision_msgs_s__rosidl_typesupport_introspection_c
[3.129s] Invoked command in '/workspace/ros2_ws/build/pennair_vision_msgs' returned '0': CMAKE_PREFIX_PATH=/opt/ros/jazzy /usr/bin/cmake --build /workspace/ros2_ws/build/pennair_vision_msgs -- -j10 -l10
[3.133s] Invoking command in '/workspace/ros2_ws/build/pennair_vision_msgs': CMAKE_PREFIX_PATH=/opt/ros/jazzy /usr/bin/cmake --install /workspace/ros2_ws/build/pennair_vision_msgs
[3.136s] -- Install configuration: ""
[3.136s] -- Execute custom install script
[3.137s] -- Symlinking: /workspace/ros2_ws/install/pennair_vision_msgs/share/ament_index/resource_index/rosidl_interfaces/pennair_vision_msgs
[3.140s] -- Symlinking: /workspace/ros2_ws/install/pennair_vision_msgs/share/pennair_vision_msgs/msg/Shape.json
[3.143s] -- Symlinking: /workspace/ros2_ws/install/pennair_vision_msgs/share/pennair_vision_msgs/msg/ShapeArray.json
[3.147s] -- Symlinking: /workspace/ros2_ws/install/pennair_vision_msgs/include/pennair_vision_msgs/pennair_vision_msgs/msg/detail/shape__functions.h
[3.150s] -- Symlinking: /workspace/ros2_ws/install/pennair_vision_msgs/include/pennair_vision_msgs/pennair_vision_msgs/msg/detail/shape__struct.h
[3.153s] -- Symlinking: /workspace/ros2_ws/install/pennair_vision_msgs/include/pennair_vision_msgs/pennair_vision_msgs/msg/detail/shape__type_support.h
[3.155s] -- Symlinking: /workspace/ros2_ws/install/pennair_vision_msgs/include/pennair_vision_msgs/pennair_vision_msgs/msg/detail/shape_array__functions.h
[3.158s] -- Symlinking: /workspace/ros2_ws/install/pennair_vision_msgs/include/pennair_vision_msgs/pennair_vision_msgs/msg/detail/shape_array__struct.h
[3.161s] -- Symlinking: /workspace/ros2_ws/install/pennair_vision_msgs/include/pennair_vision_msgs/pennair_vision_msgs/msg/detail/shape_array__type_support.h
[3.164s] -- Symlinking: /workspace/ros2_ws/install/pennair_vision_msgs/include/pennair_vision_msgs/pennair_vision_msgs/msg/rosidl_generator_c__visibility_control.h
[3.166s] -- Symlinking: /workspace/ros2_ws/install/pennair_vision_msgs/include/pennair_vision_msgs/pennair_vision_msgs/msg/shape.h
[3.169s] -- Symlinking: /workspace/ros2_ws/install/pennair_vision_msgs/include/pennair_vision_msgs/pennair_vision_msgs/msg/shape_array.h
[3.172s] -- Symlinking: /workspace/ros2_ws/install/pennair_vision_msgs/share/pennair_vision_msgs/environment/library_path.sh
[3.175s] -- Symlinking: /workspace/ros2_ws/install/pennair_vision_msgs/share/pennair_vision_msgs/environment/library_path.dsv
[3.178s] -- Symlinking: /workspace/ros2_ws/install/pennair_vision_msgs/include/pennair_vision_msgs/pennair_vision_msgs/msg/detail/shape__rosidl_typesupport_fastrtps_c.h
[3.181s] -- Symlinking: /workspace/ros2_ws/install/pennair_vision_msgs/include/pennair_vision_msgs/pennair_vision_msgs/msg/detail/shape_array__rosidl_typesupport_fastrtps_c.h
[3.184s] -- Symlinking: /workspace/ros2_ws/install/pennair_vision_msgs/include/pennair_vision_msgs/pennair_vision_msgs/msg/rosidl_typesupport_fastrtps_c__visibility_control.h
[3.187s] -- Symlinking: /workspace/ros2_ws/install/pennair_vision_msgs/include/pennair_vision_msgs/pennair_vision_msgs/msg/detail/shape__rosidl_typesupport_introspection_c.h
[3.189s] -- Symlinking: /workspace/ros2_ws/install/pennair_vision_msgs/include/pennair_vision_msgs/pennair_vision_msgs/msg/detail/shape_array__rosidl_typesupport_introspection_c.h
[3.192s] -- Symlinking: /workspace/ros2_ws/install/pennair_vision_msgs/include/pennair_vision_msgs/pennair_vision_msgs/msg/rosidl_typesupport_introspection_c__visibility_control.h
[3.196s] -- Symlinking: /workspace/ros2_ws/install/pennair_vision_msgs/include/pennair_vision_msgs/pennair_vision_msgs/msg/detail/shape__builder.hpp
[3.199s] -- Symlinking: /workspace/ros2_ws/install/pennair_vision_msgs/include/pennair_vision_msgs/pennair_vision_msgs/msg/detail/shape__struct.hpp
[3.201s] -- Symlinking: /workspace/ros2_ws/install/pennair_vision_msgs/include/pennair_vision_msgs/pennair_vision_msgs/msg/detail/shape__traits.hpp
[3.204s] -- Symlinking: /workspace/ros2_ws/install/pennair_vision_msgs/include/pennair_vision_msgs/pennair_vision_msgs/msg/detail/shape__type_support.hpp
[3.207s] -- Symlinking: /workspace/ros2_ws/install/pennair_vision_msgs/include/pennair_vision_msgs/pennair_vision_msgs/msg/detail/shape_array__builder.hpp
[3.209s] -- Symlinking: /workspace/ros2_ws/install/pennair_vision_msgs/include/pennair_vision_msgs/pennair_vision_msgs/msg/detail/shape_array__struct.hpp
[3.212s] -- Symlinking: /workspace/ros2_ws/install/pennair_vision_msgs/include/pennair_vision_msgs/pennair_vision_msgs/msg/detail/shape_array__traits.hpp
[3.215s] -- Symlinking: /workspace/ros2_ws/install/pennair_vision_msgs/include/pennair_vision_msgs/pennair_vision_msgs/msg/detail/shape_array__type_support.hpp
[3.218s] -- Symlinking: /workspace/ros2_ws/install/pennair_vision_msgs/include/pennair_vision_msgs/pennair_vision_msgs/msg/rosidl_generator_cpp__visibility_control.hpp
[3.220s] -- Symlinking: /workspace/ros2_ws/install/pennair_vision_msgs/include/pennair_vision_msgs/pennair_vision_msgs/msg/shape.hpp
[3.223s] -- Symlinking: /workspace/ros2_ws/install/pennair_vision_msgs/include/pennair_vision_msgs/pennair_vision_msgs/msg/shape_array.hpp
[3.226s] -- Symlinking: /workspace/ros2_ws/install/pennair_vision_msgs/include/pennair_vision_msgs/pennair_vision_msgs/msg/detail/shape__rosidl_typesupport_fastrtps_cpp.hpp
[3.229s] -- Symlinking: /workspace/ros2_ws/install/pennair_vision_msgs/include/pennair_vision_msgs/pennair_vision_msgs/msg/detail/shape_array__rosidl_typesupport_fastrtps_cpp.hpp
[3.232s] -- Symlinking: /workspace/ros2_ws/install/pennair_vision_msgs/include/pennair_vision_msgs/pennair_vision_msgs/msg/rosidl_typesupport_fastrtps_cpp__visibility_control.h
[3.235s] -- Symlinking: /workspace/ros2_ws/install/pennair_vision_msgs/include/pennair_vision_msgs/pennair_vision_msgs/msg/detail/shape__rosidl_typesupport_introspection_cpp.hpp
[3.238s] -- Symlinking: /workspace/ros2_ws/install/pennair_vision_msgs/include/pennair_vision_msgs/pennair_vision_msgs/msg/detail/shape_array__rosidl_typesupport_introspection_cpp.hpp
[3.241s] -- Symlinking: /workspace/ros2_ws/install/pennair_vision_msgs/share/pennair_vision_msgs/environment/pythonpath.sh
[3.244s] -- Symlinking: /workspace/ros2_ws/install/pennair_vision_msgs/share/pennair_vision_msgs/environment/pythonpath.dsv
[3.247s] -- Symlinking: /workspace/ros2_ws/install/pennair_vision_msgs/lib/python3.12/site-packages/pennair_vision_msgs-1.0.0-py3.12.egg-info/PKG-INFO
[3.249s] -- Symlinking: /workspace/ros2_ws/install/pennair_vision_msgs/lib/python3.12/site-packages/pennair_vision_msgs-1.0.0-py3.12.egg-info/SOURCES.txt
[3.252s] -- Symlinking: /workspace/ros2_ws/install/pennair_vision_msgs/lib/python3.12/site-packages/pennair_vision_msgs-1.0.0-py3.12.egg-info/dependency_links.txt
[3.255s] -- Symlinking: /workspace/ros2_ws/install/pennair_vision_msgs/lib/python3.12/site-packages/pennair_vision_msgs-1.0.0-py3.12.egg-info/top_level.txt
[3.259s] -- Symlinking: /workspace/ros2_ws/install/pennair_vision_msgs/lib/python3.12/site-packages/pennair_vision_msgs/__init__.py
[3.261s] -- Symlinking: /workspace/ros2_ws/install/pennair_vision_msgs/lib/python3.12/site-packages/pennair_vision_msgs/_pennair_vision_msgs_s.ep.rosidl_typesupport_c.c
[3.264s] -- Symlinking: /workspace/ros2_ws/install/pennair_vision_msgs/lib/python3.12/site-packages/pennair_vision_msgs/_pennair_vision_msgs_s.ep.rosidl_typesupport_fastrtps_c.c
[3.267s] -- Symlinking: /workspace/ros2_ws/install/pennair_vision_msgs/lib/python3.12/site-packages/pennair_vision_msgs/_pennair_vision_msgs_s.ep.rosidl_typesupport_introspection_c.c
[3.270s] -- Symlinking: /workspace/ros2_ws/install/pennair_vision_msgs/lib/python3.12/site-packages/pennair_vision_msgs/msg/__init__.py
[3.272s] -- Symlinking: /workspace/ros2_ws/install/pennair_vision_msgs/lib/python3.12/site-packages/pennair_vision_msgs/msg/_shape.py
[3.275s] -- Symlinking: /workspace/ros2_ws/install/pennair_vision_msgs/lib/python3.12/site-packages/pennair_vision_msgs/msg/_shape_array.py
[3.278s] -- Symlinking: /workspace/ros2_ws/install/pennair_vision_msgs/lib/python3.12/site-packages/pennair_vision_msgs/msg/_shape_array_s.c
[3.280s] -- Symlinking: /workspace/ros2_ws/install/pennair_vision_msgs/lib/python3.12/site-packages/pennair_vision_msgs/msg/_shape_s.c
[3.283s] -- Symlinking: /workspace/ros2_ws/install/pennair_vision_msgs/lib/python3.12/site-packages/pennair_vision_msgs/pennair_vision_msgs_s__rosidl_typesupport_c.so
[3.286s] -- Symlinking: /workspace/ros2_ws/install/pennair_vision_msgs/lib/python3.12/site-packages/pennair_vision_msgs/pennair_vision_msgs_s__rosidl_typesupport_fastrtps_c.so
[3.288s] -- Symlinking: /workspace/ros2_ws/install/pennair_vision_msgs/lib/python3.12/site-packages/pennair_vision_msgs/pennair_vision_msgs_s__rosidl_typesupport_introspection_c.so
[3.291s] -- Up-to-date symlink: /workspace/ros2_ws/install/pennair_vision_msgs/lib/python3.12/site-packages/pennair_vision_msgs/pennair_vision_msgs_s__rosidl_typesupport_fastrtps_c.so
[3.292s] -- Up-to-date symlink: /workspace/ros2_ws/install/pennair_vision_msgs/lib/python3.12/site-packages/pennair_vision_msgs/pennair_vision_msgs_s__rosidl_typesupport_introspection_c.so
[3.292s] -- Up-to-date symlink: /workspace/ros2_ws/install/pennair_vision_msgs/lib/python3.12/site-packages/pennair_vision_msgs/pennair_vision_msgs_s__rosidl_typesupport_c.so
[3.293s] -- Symlinking: /workspace/ros2_ws/install/pennair_vision_msgs/share/pennair_vision_msgs/rust/Cargo.toml
[3.296s] -- Symlinking: /workspace/ros2_ws/install/pennair_vision_msgs/share/pennair_vision_msgs/rust/build.rs
[3.299s] -- Symlinking: /workspace/ros2_ws/install/pennair_vision_msgs/share/pennair_vision_msgs/rust/src/lib.rs
[3.301s] -- Symlinking: /workspace/ros2_ws/install/pennair_vision_msgs/share/pennair_vision_msgs/rust/src/msg.rs
[3.304s] -- Symlinking: /workspace/ros2_ws/install/pennair_vision_msgs/share/pennair_vision_msgs/rust/src/msg/rmw.rs
[3.307s] -- Symlinking: /workspace/ros2_ws/install/pennair_vision_msgs/share/pennair_vision_msgs/msg/Shape.idl
[3.309s] -- Symlinking: /workspace/ros2_ws/install/pennair_vision_msgs/share/pennair_vision_msgs/msg/ShapeArray.idl
[3.312s] -- Symlinking: /workspace/ros2_ws/install/pennair_vision_msgs/share/pennair_vision_msgs/msg/Shape.msg
[3.314s] -- Symlinking: /workspace/ros2_ws/install/pennair_vision_msgs/share/pennair_vision_msgs/msg/ShapeArray.msg
[3.317s] -- Symlinking: /workspace/ros2_ws/install/pennair_vision_msgs/share/ament_index/resource_index/package_run_dependencies/pennair_vision_msgs
[3.320s] -- Symlinking: /workspace/ros2_ws/install/pennair_vision_msgs/share/ament_index/resource_index/parent_prefix_path/pennair_vision_msgs
[3.323s] -- Symlinking: /workspace/ros2_ws/install/pennair_vision_msgs/share/pennair_vision_msgs/environment/ament_prefix_path.sh
[3.326s] -- Symlinking: /workspace/ros2_ws/install/pennair_vision_msgs/share/pennair_vision_msgs/environment/ament_prefix_path.dsv
[3.328s] -- Symlinking: /workspace/ros2_ws/install/pennair_vision_msgs/share/pennair_vision_msgs/environment/path.sh
[3.331s] -- Symlinking: /workspace/ros2_ws/install/pennair_vision_msgs/share/pennair_vision_msgs/environment/path.dsv
[3.334s] -- Symlinking: /workspace/ros2_ws/install/pennair_vision_msgs/share/pennair_vision_msgs/local_setup.bash
[3.336s] -- Symlinking: /workspace/ros2_ws/install/pennair_vision_msgs/share/pennair_vision_msgs/local_setup.sh
[3.339s] -- Symlinking: /workspace/ros2_ws/install/pennair_vision_msgs/share/pennair_vision_msgs/local_setup.zsh
[3.342s] -- Symlinking: /workspace/ros2_ws/install/pennair_vision_msgs/share/pennair_vision_msgs/local_setup.dsv
[3.345s] -- Symlinking: /workspace/ros2_ws/install/pennair_vision_msgs/share/pennair_vision_msgs/package.dsv
[3.348s] -- Symlinking: /workspace/ros2_ws/install/pennair_vision_msgs/share/ament_index/resource_index/packages/pennair_vision_msgs
[3.351s] -- Symlinking: /workspace/ros2_ws/install/pennair_vision_msgs/share/pennair_vision_msgs/cmake/rosidl_cmake-extras.cmake
[3.353s] -- Symlinking: /workspace/ros2_ws/install/pennair_vision_msgs/share/pennair_vision_msgs/cmake/ament_cmake_export_dependencies-extras.cmake
[3.356s] -- Symlinking: /workspace/ros2_ws/install/pennair_vision_msgs/share/pennair_vision_msgs/cmake/ament_cmake_export_include_directories-extras.cmake
[3.359s] -- Symlinking: /workspace/ros2_ws/install/pennair_vision_msgs/share/pennair_vision_msgs/cmake/ament_cmake_export_libraries-extras.cmake
[3.362s] -- Symlinking: /workspace/ros2_ws/install/pennair_vision_msgs/share/pennair_vision_msgs/cmake/ament_cmake_export_targets-extras.cmake
[3.364s] -- Symlinking: /workspace/ros2_ws/install/pennair_vision_msgs/share/pennair_vision_msgs/cmake/rosidl_cmake_export_typesupport_targets-extras.cmake
[3.367s] -- Symlinking: /workspace/ros2_ws/install/pennair_vision_msgs/share/pennair_vision_msgs/cmake/rosidl_cmake_export_typesupport_libraries-extras.cmake
[3.370s] -- Symlinking: /workspace/ros2_ws/install/pennair_vision_msgs/share/pennair_vision_msgs/cmake/rosidl_cmake_aggregate_target-extras.cmake
[3.373s] -- Symlinking: /workspace/ros2_ws/install/pennair_vision_msgs/share/pennair_vision_msgs/cmake/pennair_vision_msgsConfig.cmake
[3.375s] -- Symlinking: /workspace/ros2_ws/install/pennair_vision_msgs/share/pennair_vision_msgs/cmake/pennair_vision_msgsConfig-version.cmake
[3.378s] -- Symlinking: /workspace/ros2_ws/install/pennair_vision_msgs/share/pennair_vision_msgs/package.xml
[3.381s] -- Installing: /workspace/ros2_ws/install/pennair_vision_msgs/lib/libpennair_vision_msgs__rosidl_generator_c.so
[3.383s] -- Set non-toolchain portion of runtime path of "/workspace/ros2_ws/install/pennair_vision_msgs/lib/libpennair_vision_msgs__rosidl_generator_c.so" to ""
[3.383s] -- Installing: /workspace/ros2_ws/install/pennair_vision_msgs/lib/libpennair_vision_msgs__rosidl_typesupport_fastrtps_c.so
[3.385s] -- Set non-toolchain portion of runtime path of "/workspace/ros2_ws/install/pennair_vision_msgs/lib/libpennair_vision_msgs__rosidl_typesupport_fastrtps_c.so" to ""
[3.385s] -- Installing: /workspace/ros2_ws/install/pennair_vision_msgs/lib/libpennair_vision_msgs__rosidl_typesupport_introspection_c.so
[3.386s] -- Set non-toolchain portion of runtime path of "/workspace/ros2_ws/install/pennair_vision_msgs/lib/libpennair_vision_msgs__rosidl_typesupport_introspection_c.so" to ""
[3.387s] -- Installing: /workspace/ros2_ws/install/pennair_vision_msgs/lib/libpennair_vision_msgs__rosidl_typesupport_c.so
[3.388s] -- Set non-toolchain portion of runtime path of "/workspace/ros2_ws/install/pennair_vision_msgs/lib/libpennair_vision_msgs__rosidl_typesupport_c.so" to ""
[3.389s] -- Installing: /workspace/ros2_ws/install/pennair_vision_msgs/lib/libpennair_vision_msgs__rosidl_typesupport_fastrtps_cpp.so
[3.390s] -- Set non-toolchain portion of runtime path of "/workspace/ros2_ws/install/pennair_vision_msgs/lib/libpennair_vision_msgs__rosidl_typesupport_fastrtps_cpp.so" to ""
[3.391s] -- Installing: /workspace/ros2_ws/install/pennair_vision_msgs/lib/libpennair_vision_msgs__rosidl_typesupport_introspection_cpp.so
[3.392s] -- Set non-toolchain portion of runtime path of "/workspace/ros2_ws/install/pennair_vision_msgs/lib/libpennair_vision_msgs__rosidl_typesupport_introspection_cpp.so" to ""
[3.392s] -- Installing: /workspace/ros2_ws/install/pennair_vision_msgs/lib/libpennair_vision_msgs__rosidl_typesupport_cpp.so
[3.394s] -- Set non-toolchain portion of runtime path of "/workspace/ros2_ws/install/pennair_vision_msgs/lib/libpennair_vision_msgs__rosidl_typesupport_cpp.so" to ""
[3.412s] Listing '/workspace/ros2_ws/install/pennair_vision_msgs/lib/python3.12/site-packages/pennair_vision_msgs'...
[3.412s] Compiling '/workspace/ros2_ws/install/pennair_vision_msgs/lib/python3.12/site-packages/pennair_vision_msgs/__init__.py'...
[3.412s] Listing '/workspace/ros2_ws/install/pennair_vision_msgs/lib/python3.12/site-packages/pennair_vision_msgs/msg'...
[3.413s] Compiling '/workspace/ros2_ws/install/pennair_vision_msgs/lib/python3.12/site-packages/pennair_vision_msgs/msg/__init__.py'...
[3.413s] Compiling '/workspace/ros2_ws/install/pennair_vision_msgs/lib/python3.12/site-packages/pennair_vision_msgs/msg/_shape.py'...
[3.413s] Compiling '/workspace/ros2_ws/install/pennair_vision_msgs/lib/python3.12/site-packages/pennair_vision_msgs/msg/_shape_array.py'...
[3.414s] -- Installing: /workspace/ros2_ws/install/pennair_vision_msgs/lib/libpennair_vision_msgs__rosidl_generator_py.so
[3.416s] -- Set non-toolchain portion of runtime path of "/workspace/ros2_ws/install/pennair_vision_msgs/lib/libpennair_vision_msgs__rosidl_generator_py.so" to ""
[3.416s] -- Installing: /workspace/ros2_ws/install/pennair_vision_msgs/share/pennair_vision_msgs/cmake/export_pennair_vision_msgs__rosidl_generator_cExport.cmake
[3.417s] -- Installing: /workspace/ros2_ws/install/pennair_vision_msgs/share/pennair_vision_msgs/cmake/export_pennair_vision_msgs__rosidl_generator_cExport-noconfig.cmake
[3.418s] -- Installing: /workspace/ros2_ws/install/pennair_vision_msgs/share/pennair_vision_msgs/cmake/export_pennair_vision_msgs__rosidl_typesupport_fastrtps_cExport.cmake
[3.420s] -- Installing: /workspace/ros2_ws/install/pennair_vision_msgs/share/pennair_vision_msgs/cmake/export_pennair_vision_msgs__rosidl_typesupport_fastrtps_cExport-noconfig.cmake
[3.421s] -- Installing: /workspace/ros2_ws/install/pennair_vision_msgs/share/pennair_vision_msgs/cmake/pennair_vision_msgs__rosidl_typesupport_introspection_cExport.cmake
[3.422s] -- Installing: /workspace/ros2_ws/install/pennair_vision_msgs/share/pennair_vision_msgs/cmake/pennair_vision_msgs__rosidl_typesupport_introspection_cExport-noconfig.cmake
[3.423s] -- Installing: /workspace/ros2_ws/install/pennair_vision_msgs/share/pennair_vision_msgs/cmake/pennair_vision_msgs__rosidl_typesupport_cExport.cmake
[3.424s] -- Installing: /workspace/ros2_ws/install/pennair_vision_msgs/share/pennair_vision_msgs/cmake/pennair_vision_msgs__rosidl_typesupport_cExport-noconfig.cmake
[3.425s] -- Installing: /workspace/ros2_ws/install/pennair_vision_msgs/share/pennair_vision_msgs/cmake/export_pennair_vision_msgs__rosidl_generator_cppExport.cmake
[3.426s] -- Installing: /workspace/ros2_ws/install/pennair_vision_msgs/share/pennair_vision_msgs/cmake/export_pennair_vision_msgs__rosidl_typesupport_fastrtps_cppExport.cmake
[3.427s] -- Installing: /workspace/ros2_ws/install/pennair_vision_msgs/share/pennair_vision_msgs/cmake/export_pennair_vision_msgs__rosidl_typesupport_fastrtps_cppExport-noconfig.cmake
[3.428s] -- Installing: /workspace/ros2_ws/install/pennair_vision_msgs/share/pennair_vision_msgs/cmake/pennair_vision_msgs__rosidl_typesupport_introspection_cppExport.cmake
[3.430s] -- Installing: /workspace/ros2_ws/install/pennair_vision_msgs/share/pennair_vision_msgs/cmake/pennair_vision_msgs__rosidl_typesupport_introspection_cppExport-noconfig.cmake
[3.431s] -- Installing: /workspace/ros2_ws/install/pennair_vision_msgs/share/pennair_vision_msgs/cmake/pennair_vision_msgs__rosidl_typesupport_cppExport.cmake
[3.432s] -- Installing: /workspace/ros2_ws/install/pennair_vision_msgs/share/pennair_vision_msgs/cmake/pennair_vision_msgs__rosidl_typesupport_cppExport-noconfig.cmake
[3.433s] -- Installing: /workspace/ros2_ws/install/pennair_vision_msgs/share/pennair_vision_msgs/cmake/export_pennair_vision_msgs__rosidl_generator_pyExport.cmake
[3.434s] -- Installing: /workspace/ros2_ws/install/pennair_vision_msgs/share/pennair_vision_msgs/cmake/export_pennair_vision_msgs__rosidl_generator_pyExport-noconfig.cmake
[3.437s] Invoked command in '/workspace/ros2_ws/build/pennair_vision_msgs' returned '0': CMAKE_PREFIX_PATH=/opt/ros/jazzy /usr/bin/cmake --install /workspace/ros2_ws/build/pennair_vision_msgs
