running develop
running egg_info
creating pennair_vision.egg-info
writing pennair_vision.egg-info/PKG-INFO
writing dependency_links to pennair_vision.egg-info/dependency_links.txt
writing entry points to pennair_vision.egg-info/entry_points.txt
writing requirements to pennair_vision.egg-info/requires.txt
writing top-level names to pennair_vision.egg-info/top_level.txt
writing manifest file 'pennair_vision.egg-info/SOURCES.txt'
reading manifest file 'pennair_vision.egg-info/SOURCES.txt'
writing manifest file 'pennair_vision.egg-info/SOURCES.txt'
running build_ext
Creating /workspace/ros2_ws/install/pennair_vision/lib/python3.12/site-packages/pennair-vision.egg-link (link to .)
Installing detector_node script to /workspace/ros2_ws/install/pennair_vision/lib/pennair_vision
Installing video_publisher script to /workspace/ros2_ws/install/pennair_vision/lib/pennair_vision

Installed /workspace/ros2_ws/build/pennair_vision
running symlink_data
creating /workspace/ros2_ws/install/pennair_vision/share/ament_index
creating /workspace/ros2_ws/install/pennair_vision/share/ament_index/resource_index
creating /workspace/ros2_ws/install/pennair_vision/share/ament_index/resource_index/packages
symbolically linking /workspace/ros2_ws/build/pennair_vision/resource/pennair_vision -> /workspace/ros2_ws/install/pennair_vision/share/ament_index/resource_index/packages
symbolically linking /workspace/ros2_ws/build/pennair_vision/package.xml -> /workspace/ros2_ws/install/pennair_vision/share/pennair_vision
creating /workspace/ros2_ws/install/pennair_vision/share/pennair_vision/launch
symbolically linking /workspace/ros2_ws/build/pennair_vision/launch/detection.launch.py -> /workspace/ros2_ws/install/pennair_vision/share/pennair_vision/launch
