[0.287s] Invoking command in '/workspace/ros2_ws/build/pennair_vision': AMENT_PREFIX_PATH=/workspace/ros2_ws/install/pennair_vision_msgs:${AMENT_PREFIX_PATH} CMAKE_PREFIX_PATH=/workspace/ros2_ws/install/pennair_vision_msgs LD_LIBRARY_PATH=/workspace/ros2_ws/install/pennair_vision_msgs/lib:${LD_LIBRARY_PATH} PYTHONPATH=/workspace/ros2_ws/build/pennair_vision/prefix_override:/usr/lib/python3/dist-packages/colcon_core/task/python/colcon_distutils_commands:/workspace/ros2_ws/install/pennair_vision/lib/python3.12/site-packages:/workspace/ros2_ws/install/pennair_vision_msgs/lib/python3.12/site-packages:/opt/ros/jazzy/lib/python3.12/site-packages:/workspace/src /usr/bin/python3 -W ignore:setup.py install is deprecated -W ignore:easy_install command is deprecated setup.py develop --editable --build-directory /workspace/ros2_ws/build/pennair_vision/build --no-deps symlink_data
[0.366s] running develop
[0.395s] running egg_info
[0.398s] creating pennair_vision.egg-info
[0.399s] writing pennair_vision.egg-info/PKG-INFO
[0.399s] writing dependency_links to pennair_vision.egg-info/dependency_links.txt
[0.399s] writing entry points to pennair_vision.egg-info/entry_points.txt
[0.400s] writing requirements to pennair_vision.egg-info/requires.txt
[0.400s] writing top-level names to pennair_vision.egg-info/top_level.txt
[0.400s] writing manifest file 'pennair_vision.egg-info/SOURCES.txt'
[0.408s] reading manifest file 'pennair_vision.egg-info/SOURCES.txt'
[0.409s] writing manifest file 'pennair_vision.egg-info/SOURCES.txt'
[0.412s] running build_ext
[0.413s] Creating /workspace/ros2_ws/install/pennair_vision/lib/python3.12/site-packages/pennair-vision.egg-link (link to .)
[0.414s] Installing detector_node script to /workspace/ros2_ws/install/pennair_vision/lib/pennair_vision
[0.414s] Installing video_publisher script to /workspace/ros2_ws/install/pennair_vision/lib/pennair_vision
[0.415s] 
[0.415s] Installed /workspace/ros2_ws/build/pennair_vision
[0.415s] running symlink_data
[0.416s] creating /workspace/ros2_ws/install/pennair_vision/share/ament_index
[0.416s] creating /workspace/ros2_ws/install/pennair_vision/share/ament_index/resource_index
[0.416s] creating /workspace/ros2_ws/install/pennair_vision/share/ament_index/resource_index/packages
[0.416s] symbolically linking /workspace/ros2_ws/build/pennair_vision/resource/pennair_vision -> /workspace/ros2_ws/install/pennair_vision/share/ament_index/resource_index/packages
[0.419s] symbolically linking /workspace/ros2_ws/build/pennair_vision/package.xml -> /workspace/ros2_ws/install/pennair_vision/share/pennair_vision
[0.419s] creating /workspace/ros2_ws/install/pennair_vision/share/pennair_vision/launch
[0.419s] symbolically linking /workspace/ros2_ws/build/pennair_vision/launch/detection.launch.py -> /workspace/ros2_ws/install/pennair_vision/share/pennair_vision/launch
[0.431s] Invoked command in '/workspace/ros2_ws/build/pennair_vision' returned '0': AMENT_PREFIX_PATH=/workspace/ros2_ws/install/pennair_vision_msgs:${AMENT_PREFIX_PATH} CMAKE_PREFIX_PATH=/workspace/ros2_ws/install/pennair_vision_msgs LD_LIBRARY_PATH=/workspace/ros2_ws/install/pennair_vision_msgs/lib:${LD_LIBRARY_PATH} PYTHONPATH=/workspace/ros2_ws/build/pennair_vision/prefix_override:/usr/lib/python3/dist-packages/colcon_core/task/python/colcon_distutils_commands:/workspace/ros2_ws/install/pennair_vision/lib/python3.12/site-packages:/workspace/ros2_ws/install/pennair_vision_msgs/lib/python3.12/site-packages:/opt/ros/jazzy/lib/python3.12/site-packages:/workspace/src /usr/bin/python3 -W ignore:setup.py install is deprecated -W ignore:easy_install command is deprecated setup.py develop --editable --build-directory /workspace/ros2_ws/build/pennair_vision/build --no-deps symlink_data
